Archive member included to satisfy reference by file (symbol)

bootloader/commonboot/libc/libcommon_boot_libc.a(memset.c.obj)
                              (--whole-archive)
bootloader/commonboot/libc/libcommon_boot_libc.a(memcpy.c.obj)
                              (--whole-archive)
bootloader/commonboot/libc/libcommon_boot_libc.a(memcmp.c.obj)
                              (--whole-archive)
bootloader/commonboot/libc/libcommon_boot_libc.a(strcmp.c.obj)
                              (--whole-archive)
bootloader/commonboot/libc/libcommon_boot_libc.a(strlen.c.obj)
                              (--whole-archive)
bootloader/commonboot/libc/libcommon_boot_libc.a(memmove.c.obj)
                              (--whole-archive)
bootloader/commonboot/libcommon_boot.a(boot_reset.c.obj)
                              (--whole-archive)
bootloader/commonboot/libcommon_boot.a(boot_flash.c.obj)
                              (--whole-archive)
bootloader/commonboot/libcommon_boot.a(boot_debug.c.obj)
                              (--whole-archive)
bootloader/commonboot/libcommon_boot.a(boot_jump.c.obj)
                              (--whole-archive)
bootloader/flashboot_ws63/libflashboot_common.a(main.c.obj)
                              (--whole-archive)
bootloader/flashboot_ws63/libflashboot_common.a(riscv_init.S.obj)
                              (--whole-archive)
bootloader/flashboot_ws63/libflashboot_common.a(secure_verify_boot.c.obj)
                              (--whole-archive)
kernel/non_os/non_os/libnon_os.a(non_os_utils.c.obj)
                              (--whole-archive)
kernel/non_os/non_os/libnon_os.a(non_os_nmi.c.obj)
                              (--whole-archive)
kernel/non_os/malloc/libnonos_malloc.a(malloc.c.obj)
                              (--whole-archive)
kernel/osal/libosal.a(osal_atomic.c.obj)
                              (--whole-archive)
kernel/osal/libosal.a(osal_debug.c.obj)
                              (--whole-archive)
kernel/osal/libosal.a(osal_interrupt.c.obj)
                              (--whole-archive)
kernel/osal/libosal.a(osal_mutex.c.obj)
                              (--whole-archive)
kernel/osal/libosal.a(osal_semaphore.c.obj)
                              (--whole-archive)
kernel/osal/libosal.a(osal_spinlock.c.obj)
                              (--whole-archive)
kernel/osal/libosal.a(osal_wait.c.obj)
                              (--whole-archive)
kernel/osal/libosal.a(osal_task.c.obj)
                              (--whole-archive)
driver/pinmux/libpinctrl.a(pinctrl.c.obj)
                              (--whole-archive)
driver/pmp/libpmp.a(pmp.c.obj)
                              (--whole-archive)
driver/security_unified/libdrv_security_unified.a(hash_romable.c.obj)
                              (--whole-archive)
driver/security_unified/libdrv_security_unified.a(drv_flashboot_cipher.c.obj)
                              (--whole-archive)
driver/security_unified/libdrv_security_unified.a(drv_flashboot_symc.c.obj)
                              (--whole-archive)
driver/security_unified/libdrv_security_unified.a(crypto_drv_common.c.obj)
                              (--whole-archive)
driver/security_unified/libdrv_security_unified.a(drv_keyslot.c.obj)
                              (--whole-archive)
driver/security_unified/libdrv_security_unified.a(drv_klad.c.obj)
                              (--whole-archive)
driver/security_unified/libdrv_security_unified.a(drv_fapc.c.obj)
                              (--whole-archive)
driver/security_unified/libdrv_security_unified.a(crypto_curve_param.c.obj)
                              (--whole-archive)
driver/security_unified/libdrv_security_unified.a(drv_pke_sm2_verify.c.obj)
                              (--whole-archive)
driver/security_unified/libdrv_security_unified.a(drv_pke_ecdsa.c.obj)
                              (--whole-archive)
driver/security_unified/libdrv_security_unified.a(drv_pke_weak_func.c.obj)
                              (--whole-archive)
driver/security_unified/libdrv_security_unified.a(drv_pke_sm2_dsa_hash.c.obj)
                              (--whole-archive)
driver/security_unified/libdrv_security_unified.a(hal_rom_table.c.obj)
                              (--whole-archive)
driver/security_unified/libdrv_security_unified.a(drv_rom_table.c.obj)
                              (--whole-archive)
driver/security_unified/libdrv_security_unified.a(drv_rom_cipher.c.obj)
                              (--whole-archive)
driver/systick/libsystick.a(systick.c.obj)
                              (--whole-archive)
driver/tcxo/libtcxo.a(tcxo.c.obj)
                              (--whole-archive)
driver/timer/libdrv_timer.a(timer.c.obj)
                              (--whole-archive)
driver/uart/libuart.a(uart.c.obj)
                              (--whole-archive)
driver/watchdog/libwatchdog.a(watchdog.c.obj)
                              (--whole-archive)
driver/rtc_unified/librtc_unified.a(rtc.c.obj)
[...]
Memory Configuration

Name             Origin             Length             Attributes
STACK            0x0000000000a03100 0x0000000000002400 xrw
SRAM             0x0000000000a05500 0x000000000001dc00 xrw
FLASHBOOT_ROM_ADDR 0x0000000000a28300 0x0000000000010000 xrw
*default*        0x0000000000000000 0xffffffffffffffff

Linker script and memory map


.text.entry     0x0000000000a28300      0x248
                0x0000000000a28300                . = ALIGN (0x4)
 *(.text.entry)
 .text.entry    0x0000000000a28300      0x120 bootloader/flashboot_ws63/libflashboot_common.a(riscv_init.S.obj)
                0x0000000000a28300                _start
 *(.isr_vector)
 .isr_vector    0x0000000000a28420      0x128 drivers/chips/ws63/libchip_ws63.a(vectors.c.obj)
                0x0000000000a28548                . = ALIGN (0x4)

.stacks         0x0000000000a03100     0x2400
                0x0000000000a03100                . = ALIGN (0x10)
                0x0000000000a03100                g_system_stack_begin = ORIGIN (STACK)
                0x0000000000a04d00                . = (. + 0x1c00)
 *fill*         0x0000000000a03100     0x1c00 
                0x0000000000a04d00                __stack_top__ = .
                0x0000000000a05100                . = (. + 0x400)
 *fill*         0x0000000000a04d00      0x400 
                0x0000000000a05100                __irq_stack_top__ = .
                0x0000000000a05500                . = (. + 0x400)
 *fill*         0x0000000000a05100      0x400 
                0x0000000000a05500                __excp_stack_top__ = .
                0x0000000000a05500                . = ALIGN (0x10)
                0x0000000000a05500                g_system_stack_end = (ORIGIN (STACK) + LENGTH (STACK))

.text           0x0000000000a28550     0xb8dc
                0x0000000000a28550                . = ALIGN (0x4)
 *(.text)
 .text          0x0000000000a28550       0x4c drivers/chips/ws63/libchip_ws63.a(vectors.s.obj)
 .text          0x0000000000a2859c        0x4 /home/hb/bearpi/fbb_ws63/src/tools/bin/compiler/riscv/cc_riscv32_musl_105/cc_riscv32_musl/bin/../lib/gcc/riscv32-linux-musl/7.3.0/libgcc.a(_udivdi3.o)
                0x0000000000a2859c                __udivdi3
 .text          0x0000000000a285a0        0xc /home/hb/bearpi/fbb_ws63/src/tools/bin/compiler/riscv/cc_riscv32_musl_105/cc_riscv32_musl/bin/../lib/gcc/riscv32-linux-musl/7.3.0/libgcc.a(_umoddi3.o)
                0x0000000000a285a0                __umoddi3
 .text          0x0000000000a285ac      0x3f8 /home/hb/bearpi/fbb_ws63/src/tools/bin/compiler/riscv/cc_riscv32_musl_105/cc_riscv32_musl/bin/../lib/gcc/riscv32-linux-musl/7.3.0/libgcc.a(_udivmoddi4.o)
                0x0000000000a285ac                __udivmoddi4
 *(.text*)
 .text.memset   0x0000000000a289a4       0xae bootloader/commonboot/libc/libcommon_boot_libc.a(memset.c.obj)
                0x0000000000a289a4                memset
 .text.memcpy   0x0000000000a28a52      0x29c bootloader/commonboot/libc/libcommon_boot_libc.a(memcpy.c.obj)
                0x0000000000a28a52                memcpy
 .text.memcmp   0x0000000000a28cee       0x1e bootloader/commonboot/libc/libcommon_boot_libc.a(memcmp.c.obj)
                0x0000000000a28cee                memcmp
 .text.strlen   0x0000000000a28d0c       0x3e bootloader/commonboot/libc/libcommon_boot_libc.a(strlen.c.obj)
                0x0000000000a28d0c                strlen
 .text.memmove  0x0000000000a28d4a       0xbe bootloader/commonboot/libc/libcommon_boot_libc.a(memmove.c.obj)
                0x0000000000a28d4a                memmove
 .text.reset    0x0000000000a28e08       0x12 bootloader/commonboot/libcommon_boot.a(boot_reset.c.obj)
                0x0000000000a28e08                reset
 .text.boot_fail
                0x0000000000a28e1a        0x2 bootloader/commonboot/libcommon_boot.a(boot_reset.c.obj)
                0x0000000000a28e1a                boot_fail
 .text.boot_regist_flash_cmd
                0x0000000000a28e1c       0x1c bootloader/commonboot/libcommon_boot.a(boot_flash.c.obj)
                0x0000000000a28e1c                boot_regist_flash_cmd
 .text.jump_to_execute_addr
                0x0000000000a28e38        0x8 bootloader/commonboot/libcommon_boot.a(boot_jump.c.obj)
                0x0000000000a28e38                jump_to_execute_addr
 .text.ws63_set_try_fix_cnt
                0x0000000000a28e40       0x10 bootloader/flashboot_ws63/libflashboot_common.a(main.c.obj)
 .text.sfc_flash_erase
                0x0000000000a28e50        0xa bootloader/flashboot_ws63/libflashboot_common.a(main.c.obj)
 .text.sfc_flash_write
                0x0000000000a28e5a        0xa bootloader/flashboot_ws63/libflashboot_common.a(main.c.obj)
 .text.sfc_flash_read
                0x0000000000a28e64        0xa bootloader/flashboot_ws63/libflashboot_common.a(main.c.obj)
 .text.sfc_flash_init
                0x0000000000a28e6e        0xa bootloader/flashboot_ws63/libflashboot_common.a(main.c.obj)
 .text.start_fastboot
                0x0000000000a28e78      0x4da bootloader/flashboot_ws63/libflashboot_common.a(main.c.obj)
                0x0000000000a28e78                start_fastboot
 .text.check_image_id
                0x0000000000a29352       0x4a bootloader/flashboot_ws63/libflashboot_common.a(secure_verify_boot.c.obj)
 .text.check_verify_enable
                0x0000000000a2939c       0x34 bootloader/flashboot_ws63/libflashboot_common.a(secure_verify_boot.c.obj)
 .text.check_msid
                0x0000000000a293d0       0x34 bootloader/flashboot_ws63/libflashboot_common.a(secure_verify_boot.c.obj)
 .text.secure_authenticate.constprop.2
                0x0000000000a29404       0x6c bootloader/flashboot_ws63/libflashboot_common.a(secure_verify_boot.c.obj)
 .text.check_die_id.constprop.3
                0x0000000000a29470       0x3e bootloader/flashboot_ws63/libflashboot_common.a(secure_verify_boot.c.obj)
 .text.check_version
                0x0000000000a294ae       0x76 bootloader/flashboot_ws63/libflashboot_common.a(secure_verify_boot.c.obj)
 .text.verify_image_head
                0x0000000000a29524      0x1dc bootloader/flashboot_ws63/libflashboot_common.a(secure_verify_boot.c.obj)
                0x0000000000a29524                verify_image_head
 .text.verify_image_body
                0x0000000000a29700       0x7c bootloader/flashboot_ws63/libflashboot_common.a(secure_verify_boot.c.obj)
                0x0000000000a29700                verify_image_body
 .text.non_os_enter_critical
                0x0000000000a2977c       0x7a kernel/non_os/non_os/libnon_os.a(non_os_utils.c.obj)
                0x0000000000a2977c                non_os_enter_critical
 .text.non_os_exit_critical
                0x0000000000a297f6       0x6c kernel/non_os/non_os/libnon_os.a(non_os_utils.c.obj)
                0x0000000000a297f6                non_os_exit_critical
 .text.malloc_register_funcs
                0x0000000000a29862       0x16 kernel/non_os/malloc/libnonos_malloc.a(malloc.c.obj)
                0x0000000000a29862                malloc_register_funcs
 .text.rom_malloc_init
                0x0000000000a29878       0x3e kernel/non_os/malloc/libnonos_malloc.a(malloc.c.obj)
                0x0000000000a29878                rom_malloc_init
 .text.malloc_init
                0x0000000000a298b6        0x2 kernel/non_os/malloc/libnonos_malloc.a(malloc.c.obj)
                0x0000000000a298b6                malloc_init
 .text.rom_malloc
                0x0000000000a298b8       0xd8 kernel/non_os/malloc/libnonos_malloc.a(malloc.c.obj)
                0x0000000000a298b8                rom_malloc
 .text.malloc   0x0000000000a29990        0x8 kernel/non_os/malloc/libnonos_malloc.a(malloc.c.obj)
                0x0000000000a29990                malloc
 .text.rom_free
                0x0000000000a29998       0x2e kernel/non_os/malloc/libnonos_malloc.a(malloc.c.obj)
                0x0000000000a29998                rom_free
 .text.free     0x0000000000a299c6        0x2 kernel/non_os/malloc/libnonos_malloc.a(malloc.c.obj)
                0x0000000000a299c6                free
 .text.osal_irq_lock
                0x0000000000a299c8        0x8 kernel/osal/libosal.a(osal_interrupt.c.obj)
                0x0000000000a299c8                osal_irq_lock
 .text.osal_irq_restore
                0x0000000000a299d0        0x2 kernel/osal/libosal.a(osal_interrupt.c.obj)
                0x0000000000a299d0                osal_irq_restore
 .text.uapi_pmp_config
                0x0000000000a299d2       0x7c driver/pmp/libpmp.a(pmp.c.obj)
                0x0000000000a299d2                uapi_pmp_config
 .text.drv_rom_hash
                0x0000000000a29a4e      0x148 driver/security_unified/libdrv_security_unified.a(hash_romable.c.obj)
                0x0000000000a29a4e                drv_rom_hash
 .text.drv_rom_cipher_create_keyslot
                0x0000000000a29b96       0x7c driver/security_unified/libdrv_security_unified.a(drv_flashboot_cipher.c.obj)
                0x0000000000a29b96                drv_rom_cipher_create_keyslot
 .text.drv_rom_cipher_destroy_keyslot
                0x0000000000a29c12        0x2 driver/security_unified/libdrv_security_unified.a(drv_flashboot_cipher.c.obj)
                0x0000000000a29c12                drv_rom_cipher_destroy_keyslot
 .text.drv_rom_cipher_config_odrk1
                0x0000000000a29c14       0x64 driver/security_unified/libdrv_security_unified.a(drv_flashboot_cipher.c.obj)
                0x0000000000a29c14                drv_rom_cipher_config_odrk1
 .text.drv_rom_cipher_fapc_config
                0x0000000000a29c78       0x46 driver/security_unified/libdrv_security_unified.a(drv_flashboot_cipher.c.obj)
                0x0000000000a29c78                drv_rom_cipher_fapc_config
 .text.drv_rom_cipher_fapc_bypass_config
                0x0000000000a29cbe        0x2 driver/security_unified/libdrv_security_unified.a(drv_flashboot_cipher.c.obj)
                0x0000000000a29cbe                drv_rom_cipher_fapc_bypass_config
 .text.inner_symc_crypto
                0x0000000000a29cc0      0x12c driver/security_unified/libdrv_security_unified.a(drv_flashboot_symc.c.obj)
 .text.drv_rom_cipher_symc_init
                0x0000000000a29dec       0x50 driver/security_unified/libdrv_security_unified.a(drv_flashboot_symc.c.obj)
                0x0000000000a29dec                drv_rom_cipher_symc_init
 .text.drv_rom_cipher_symc_deinit
                0x0000000000a29e3c       0x10 driver/security_unified/libdrv_security_unified.a(drv_flashboot_symc.c.obj)
                0x0000000000a29e3c                drv_rom_cipher_symc_deinit
 .text.drv_rom_cipher_symc_decrypt
                0x0000000000a29e4c        0xa driver/security_unified/libdrv_security_unified.a(drv_flashboot_symc.c.obj)
                0x0000000000a29e4c                drv_rom_cipher_symc_decrypt
 .text.crypto_get_cpu_type
                0x0000000000a29e56       0x14 driver/security_unified/libdrv_security_unified.a(crypto_drv_common.c.obj)
                0x0000000000a29e56                crypto_get_cpu_type
 .text.crypto_sm_support
                0x0000000000a29e6a        0x4 driver/security_unified/libdrv_security_unified.a(crypto_drv_common.c.obj)
                0x0000000000a29e6a                crypto_sm_support
 .text.crypto_get_value_by_index
                0x0000000000a29e6e       0x2a driver/security_unified/libdrv_security_unified.a(crypto_drv_common.c.obj)
                0x0000000000a29e6e                crypto_get_value_by_index
 .text.drv_keyslot_create
                0x0000000000a29e98       0x56 driver/security_unified/libdrv_security_unified.a(drv_keyslot.c.obj)
                0x0000000000a29e98                drv_keyslot_create
 .text.drv_keyslot_destroy
                0x0000000000a29eee       0x38 driver/security_unified/libdrv_security_unified.a(drv_keyslot.c.obj)
                0x0000000000a29eee                drv_keyslot_destroy
 .text.drv_klad_create
                0x0000000000a29f26       0x36 driver/security_unified/libdrv_security_unified.a(drv_klad.c.obj)
                0x0000000000a29f26                drv_klad_create
 .text.drv_klad_destroy
                0x0000000000a29f5c       0x34 driver/security_unified/libdrv_security_unified.a(drv_klad.c.obj)
                0x0000000000a29f5c                drv_klad_destroy
 .text.drv_klad_attach
                0x0000000000a29f90       0x62 driver/security_unified/libdrv_security_unified.a(drv_klad.c.obj)
                0x0000000000a29f90                drv_klad_attach
 .text.drv_klad_detach
                0x0000000000a29ff2       0x3e driver/security_unified/libdrv_security_unified.a(drv_klad.c.obj)
                0x0000000000a29ff2                drv_klad_detach
 .text.drv_klad_set_attr
                0x0000000000a2a030       0x66 driver/security_unified/libdrv_security_unified.a(drv_klad.c.obj)
                0x0000000000a2a030                drv_klad_set_attr
 .text.drv_klad_set_effective_key
                0x0000000000a2a096       0xb8 driver/security_unified/libdrv_security_unified.a(drv_klad.c.obj)
                0x0000000000a2a096                drv_klad_set_effective_key
 .text.drv_fapc_set_iv
                0x0000000000a2a14e       0x10 driver/security_unified/libdrv_security_unified.a(drv_fapc.c.obj)
                0x0000000000a2a14e                drv_fapc_set_iv
 .text.drv_fapc_set_config
                0x0000000000a2a15e       0x88 driver/security_unified/libdrv_security_unified.a(drv_fapc.c.obj)
                0x0000000000a2a15e                drv_fapc_set_config
 .text.drv_fapc_set_bypass_config
                0x0000000000a2a1e6       0x28 driver/security_unified/libdrv_security_unified.a(drv_fapc.c.obj)
                0x0000000000a2a1e6                drv_fapc_set_bypass_config
 .text.hal_hash_lock
                0x0000000000a2a20e        0x8 driver/security_unified/libdrv_security_unified.a(hal_rom_table.c.obj)
                0x0000000000a2a20e                hal_hash_lock
 .text.hal_hash_unlock
                0x0000000000a2a216        0x8 driver/security_unified/libdrv_security_unified.a(hal_rom_table.c.obj)
                0x0000000000a2a216                hal_hash_unlock
 .text.hal_cipher_hash_config
                0x0000000000a2a21e        0x8 driver/security_unified/libdrv_security_unified.a(hal_rom_table.c.obj)
                0x0000000000a2a21e                hal_cipher_hash_config
 .text.hal_cipher_hash_add_in_node
                0x0000000000a2a226        0x8 driver/security_unified/libdrv_security_unified.a(hal_rom_table.c.obj)
                0x0000000000a2a226                hal_cipher_hash_add_in_node
 .text.hal_cipher_hash_start
                0x0000000000a2a22e        0x8 driver/security_unified/libdrv_security_unified.a(hal_rom_table.c.obj)
                0x0000000000a2a22e                hal_cipher_hash_start
 .text.hal_cipher_hash_wait_done
                0x0000000000a2a236        0x8 driver/security_unified/libdrv_security_unified.a(hal_rom_table.c.obj)
                0x0000000000a2a236                hal_cipher_hash_wait_done
 .text.drv_rom_cipher_pke_bp256r_verify
                0x0000000000a2a23e        0x8 driver/security_unified/libdrv_security_unified.a(drv_rom_table.c.obj)
                0x0000000000a2a23e                drv_rom_cipher_pke_bp256r_verify
 .text.drv_rom_cipher_sha256
                0x0000000000a2a246       0x30 driver/security_unified/libdrv_security_unified.a(drv_rom_cipher.c.obj)
                0x0000000000a2a246                drv_rom_cipher_sha256
 .text.uapi_systick_get_count
                0x0000000000a2a276       0x30 driver/systick/libsystick.a(systick.c.obj)
                0x0000000000a2a276                uapi_systick_get_count
 .text.uapi_systick_get_us
                0x0000000000a2a2a6       0x2c driver/systick/libsystick.a(systick.c.obj)
                0x0000000000a2a2a6                uapi_systick_get_us
 .text.uapi_tcxo_init
                0x0000000000a2a2d2       0x36 driver/tcxo/libtcxo.a(tcxo.c.obj)
                0x0000000000a2a2d2                uapi_tcxo_init
 .text.uapi_tcxo_get_count
                0x0000000000a2a308       0x30 driver/tcxo/libtcxo.a(tcxo.c.obj)
                0x0000000000a2a308                uapi_tcxo_get_count
 .text.uapi_tcxo_delay_ms
                0x0000000000a2a338       0x50 driver/tcxo/libtcxo.a(tcxo.c.obj)
                0x0000000000a2a338                uapi_tcxo_delay_ms
 .text.uapi_tcxo_delay_us
                0x0000000000a2a388       0x3e driver/tcxo/libtcxo.a(tcxo.c.obj)
                0x0000000000a2a388                uapi_tcxo_delay_us
 .text.uart_rx_buffer_report
                0x0000000000a2a3c6       0x2a driver/uart/libuart.a(uart.c.obj)
 .text.uart_helper_invoke_current_fragment_callback
                0x0000000000a2a3f0       0x1e driver/uart/libuart.a(uart.c.obj)
 .text.uart_helper_move_to_next_fragment
                0x0000000000a2a40e       0x3e driver/uart/libuart.a(uart.c.obj)
 .text.uart_helper_send_next_char
                0x0000000000a2a44c       0x2e driver/uart/libuart.a(uart.c.obj)
 .text.uart_error_isr
                0x0000000000a2a47a       0x7e driver/uart/libuart.a(uart.c.obj)
 .text.uart_evt_callback
                0x0000000000a2a4f8      0x1a8 driver/uart/libuart.a(uart.c.obj)
 .text.uapi_uart_init
                0x0000000000a2a6a0       0xce driver/uart/libuart.a(uart.c.obj)
                0x0000000000a2a6a0                uapi_uart_init
 .text.uapi_uart_write
                0x0000000000a2a76e       0x72 driver/uart/libuart.a(uart.c.obj)
                0x0000000000a2a76e                uapi_uart_write
 .text.uapi_watchdog_init
                0x0000000000a2a7e0       0x52 driver/watchdog/libwatchdog.a(watchdog.c.obj)
                0x0000000000a2a7e0                uapi_watchdog_init
 .text.uapi_watchdog_enable
                0x0000000000a2a832       0x44 driver/watchdog/libwatchdog.a(watchdog.c.obj)
                0x0000000000a2a832                uapi_watchdog_enable
 .text.uapi_watchdog_disable
                0x0000000000a2a876       0x36 driver/watchdog/libwatchdog.a(watchdog.c.obj)
                0x0000000000a2a876                uapi_watchdog_disable
 .text.uapi_watchdog_deinit
                0x0000000000a2a8ac       0x3a driver/watchdog/libwatchdog.a(watchdog.c.obj)
                0x0000000000a2a8ac                uapi_watchdog_deinit
 .text.uapi_watchdog_kick
                0x0000000000a2a8e6       0x2c driver/watchdog/libwatchdog.a(watchdog.c.obj)
                0x0000000000a2a8e6                uapi_watchdog_kick
 .text.uapi_efuse_init
                0x0000000000a2a912       0x10 driver/efuse/libefuse.a(efuse.c.obj)
                0x0000000000a2a912                uapi_efuse_init
 .text.uapi_efuse_read_bit
                0x0000000000a2a922       0x56 driver/efuse/libefuse.a(efuse.c.obj)
                0x0000000000a2a922                uapi_efuse_read_bit
 .text.uapi_efuse_read_buffer
                0x0000000000a2a978       0x5a driver/efuse/libefuse.a(efuse.c.obj)
                0x0000000000a2a978                uapi_efuse_read_buffer
 .text.hal_efuse_register_funcs
                0x0000000000a2a9d2       0x16 hal/efuse/libhal_efuse_v151.a(hal_efuse.c.obj)
                0x0000000000a2a9d2                hal_efuse_register_funcs
 .text.hal_efuse_get_funcs
                0x0000000000a2a9e8        0xa hal/efuse/libhal_efuse_v151.a(hal_efuse.c.obj)
                0x0000000000a2a9e8                hal_efuse_get_funcs
 .text.hal_efuse_deinit
                0x0000000000a2a9f2        0xc hal/efuse/libhal_efuse_v151.a(hal_efuse_v151.c.obj)
 .text.hal_efuse_get_writeread_addr
                0x0000000000a2a9fe       0x26 hal/efuse/libhal_efuse_v151.a(hal_efuse_v151.c.obj)
 .text.hal_efuse_init
                0x0000000000a2aa24       0x2e hal/efuse/libhal_efuse_v151.a(hal_efuse_v151.c.obj)
 .text.hal_efuse_read_byte
                0x0000000000a2aa52       0x60 hal/efuse/libhal_efuse_v151.a(hal_efuse_v151.c.obj)
 .text.hal_efuse_get_die_id
                0x0000000000a2aab2       0x34 hal/efuse/libhal_efuse_v151.a(hal_efuse_v151.c.obj)
 .text.hal_efuse_write_operation
                0x0000000000a2aae6       0x98 hal/efuse/libhal_efuse_v151.a(hal_efuse_v151.c.obj)
 .text.hal_efuse_write_buffer_operation
                0x0000000000a2ab7e       0x3c hal/efuse/libhal_efuse_v151.a(hal_efuse_v151.c.obj)
 .text.hal_efuse_set_clock_period
                0x0000000000a2abba        0xa hal/efuse/libhal_efuse_v151.a(hal_efuse_v151.c.obj)
                0x0000000000a2abba                hal_efuse_set_clock_period
 .text.hal_efuse_funcs_get
                0x0000000000a2abc4        0x8 hal/efuse/libhal_efuse_v151.a(hal_efuse_v151.c.obj)
                0x0000000000a2abc4                hal_efuse_funcs_get
 .text.hal_efuse_regs_init
                0x0000000000a2abcc       0x32 hal/efuse/libhal_efuse_v151.a(hal_efuse_v151_reg_op.c.obj)
                0x0000000000a2abcc                hal_efuse_regs_init
 .text.hal_pmp_register_funcs
                0x0000000000a2abfe       0x16 hal/pmp/libhal_pmp.a(hal_pmp.c.obj)
                0x0000000000a2abfe                hal_pmp_register_funcs
 .text.hal_pmp_get_funcs
                0x0000000000a2ac14        0xa hal/pmp/libhal_pmp.a(hal_pmp.c.obj)
                0x0000000000a2ac14                hal_pmp_get_funcs
 .text.hal_pmp_riscv31_config
                0x0000000000a2ac1e       0x4c hal/pmp/libhal_pmp.a(hal_pmp_riscv31.c.obj)
 .text.hal_pmp_riscv31_funcs_get
                0x0000000000a2ac6a        0x8 hal/pmp/libhal_pmp.a(hal_pmp_riscv31.c.obj)
                0x0000000000a2ac6a                hal_pmp_riscv31_funcs_get
 .text.hal_pmp_riscv31_regs_set_pmpaddr
                0x0000000000a2ac72       0x9e hal/pmp/libhal_pmp.a(hal_pmp_riscv31_regs_op.c.obj)
                0x0000000000a2ac72                hal_pmp_riscv31_regs_set_pmpaddr
 .text.hal_pmp_riscv31_regs_set_memxattr
                0x0000000000a2ad10       0x50 hal/pmp/libhal_pmp.a(hal_pmp_riscv31_regs_op.c.obj)
                0x0000000000a2ad10                hal_pmp_riscv31_regs_set_memxattr
 .text.hal_pmp_riscv31_regs_set_pmpxcfg
                0x0000000000a2ad60       0x76 hal/pmp/libhal_pmp.a(hal_pmp_riscv31_regs_op.c.obj)
                0x0000000000a2ad60                hal_pmp_riscv31_regs_set_pmpxcfg
 .text.hal_reboot_chip
                0x0000000000a2add6       0x10 hal/reboot/libhal_reboot.a(hal_reboot.c.obj)
                0x0000000000a2add6                hal_reboot_chip
 .text.hal_rkp_lock
                0x0000000000a2ade6       0x42 hal/security_unified/libhal_security_unified.a(hal_rkp.c.obj)
                0x0000000000a2ade6                hal_rkp_lock
 .text.hal_rkp_unlock
                0x0000000000a2ae28       0x10 hal/security_unified/libhal_security_unified.a(hal_rkp.c.obj)
                0x0000000000a2ae28                hal_rkp_unlock
 .text.hal_rkp_kdf_wait_done
                0x0000000000a2ae38       0x40 hal/security_unified/libhal_security_unified.a(hal_rkp.c.obj)
                0x0000000000a2ae38                hal_rkp_kdf_wait_done
 .text.hal_rkp_kdf_hard_calculation
                0x0000000000a2ae78      0x102 hal/security_unified/libhal_security_unified.a(hal_rkp.c.obj)
                0x0000000000a2ae78                hal_rkp_kdf_hard_calculation
 .text.inner_kslot_chn_is_locked
                0x0000000000a2af7a       0x36 hal/security_unified/libhal_security_unified.a(hal_keyslot.c.obj)
 .text.inner_chk_kslot_busy
                0x0000000000a2afb0       0x2a hal/security_unified/libhal_security_unified.a(hal_keyslot.c.obj)
 .text.inner_kslot_is_busy
                0x0000000000a2afda       0x14 hal/security_unified/libhal_security_unified.a(hal_keyslot.c.obj)
 .text.hal_keyslot_lock
                0x0000000000a2afee       0x9c hal/security_unified/libhal_security_unified.a(hal_keyslot.c.obj)
                0x0000000000a2afee                hal_keyslot_lock
 .text.hal_keyslot_unlock
                0x0000000000a2b08a       0xb6 hal/security_unified/libhal_security_unified.a(hal_keyslot.c.obj)
                0x0000000000a2b08a                hal_keyslot_unlock
 .text.inner_klad_set_key_odd
                0x0000000000a2b140       0x1c hal/security_unified/libhal_security_unified.a(hal_klad.c.obj)
 .text.inner_klad_wait_com_route_done
                0x0000000000a2b15c       0x52 hal/security_unified/libhal_security_unified.a(hal_klad.c.obj)
 .text.hal_klad_lock
                0x0000000000a2b1ae       0x5a hal/security_unified/libhal_security_unified.a(hal_klad.c.obj)
                0x0000000000a2b1ae                hal_klad_lock
 .text.hal_klad_unlock
                0x0000000000a2b208       0x3c hal/security_unified/libhal_security_unified.a(hal_klad.c.obj)
                0x0000000000a2b208                hal_klad_unlock
 .text.hal_klad_set_key_crypto_cfg
                0x0000000000a2b244       0x6a hal/security_unified/libhal_security_unified.a(hal_klad.c.obj)
                0x0000000000a2b244                hal_klad_set_key_crypto_cfg
 .text.hal_klad_set_key_dest_cfg
                0x0000000000a2b2ae       0x38 hal/security_unified/libhal_security_unified.a(hal_klad.c.obj)
                0x0000000000a2b2ae                hal_klad_set_key_dest_cfg
 .text.hal_klad_set_key_secure_cfg
                0x0000000000a2b2e6       0x52 hal/security_unified/libhal_security_unified.a(hal_klad.c.obj)
                0x0000000000a2b2e6                hal_klad_set_key_secure_cfg
 .text.hal_klad_set_key_addr
                0x0000000000a2b338       0x32 hal/security_unified/libhal_security_unified.a(hal_klad.c.obj)
                0x0000000000a2b338                hal_klad_set_key_addr
 .text.hal_klad_start_com_route
                0x0000000000a2b36a       0xc6 hal/security_unified/libhal_security_unified.a(hal_klad.c.obj)
                0x0000000000a2b36a                hal_klad_start_com_route
 .text.hal_fapc_set_region_addr
                0x0000000000a2b430       0x22 hal/security_unified/libhal_security_unified.a(hal_fapc.c.obj)
                0x0000000000a2b430                hal_fapc_set_region_addr
 .text.hal_fapc_set_region_permission
                0x0000000000a2b452        0x4 hal/security_unified/libhal_security_unified.a(hal_fapc.c.obj)
                0x0000000000a2b452                hal_fapc_set_region_permission
 .text.hal_fapc_set_region_mac_addr
                0x0000000000a2b456        0x4 hal/security_unified/libhal_security_unified.a(hal_fapc.c.obj)
                0x0000000000a2b456                hal_fapc_set_region_mac_addr
 .text.hal_fapc_set_region_mode
                0x0000000000a2b45a       0x3a hal/security_unified/libhal_security_unified.a(hal_fapc.c.obj)
                0x0000000000a2b45a                hal_fapc_set_region_mode
 .text.hal_fapc_region_enable
                0x0000000000a2b494        0x4 hal/security_unified/libhal_security_unified.a(hal_fapc.c.obj)
                0x0000000000a2b494                hal_fapc_region_enable
 .text.hal_fapc_region_lock
                0x0000000000a2b498       0x24 hal/security_unified/libhal_security_unified.a(hal_fapc.c.obj)
                0x0000000000a2b498                hal_fapc_region_lock
 .text.hal_fapc_set_region_iv
                0x0000000000a2b4bc       0x48 hal/security_unified/libhal_security_unified.a(hal_fapc.c.obj)
                0x0000000000a2b4bc                hal_fapc_set_region_iv
 .text.hal_fapc_set_region_iv_start_addr
                0x0000000000a2b504       0x1c hal/security_unified/libhal_security_unified.a(hal_fapc.c.obj)
                0x0000000000a2b504                hal_fapc_set_region_iv_start_addr
 .text.hal_tcxo_init
                0x0000000000a2b520       0x2c hal/tcxo/libhal_tcxo.a(hal_tcxo_v150.c.obj)
                0x0000000000a2b520                hal_tcxo_init
 .text.hal_tcxo_get
                0x0000000000a2b54c       0x30 hal/tcxo/libhal_tcxo.a(hal_tcxo_v150.c.obj)
                0x0000000000a2b54c                hal_tcxo_get
 .text.hal_tcxo_v150_regs_init
                0x0000000000a2b57c       0x20 hal/tcxo/libhal_tcxo.a(hal_tcxo_v150_regs_op.c.obj)
                0x0000000000a2b57c                hal_tcxo_v150_regs_init
 .text.hal_tcxo_reg_count_get
                0x0000000000a2b59c        0xe hal/tcxo/libhal_tcxo.a(hal_tcxo_v150_regs_op.c.obj)
                0x0000000000a2b59c                hal_tcxo_reg_count_get
 .text.hal_uart_register_funcs
                0x0000000000a2b5aa       0x1e hal/uart/libhal_uart.a(hal_uart.c.obj)
                0x0000000000a2b5aa                hal_uart_register_funcs
 .text.hal_uart_init
                0x0000000000a2b5c8       0x3e hal/uart/libhal_uart.a(hal_uart.c.obj)
                0x0000000000a2b5c8                hal_uart_init
 .text.hal_uart_write
                0x0000000000a2b606       0x12 hal/uart/libhal_uart.a(hal_uart.c.obj)
                0x0000000000a2b606                hal_uart_write
 .text.hal_uart_read
                0x0000000000a2b618       0x12 hal/uart/libhal_uart.a(hal_uart.c.obj)
                0x0000000000a2b618                hal_uart_read
 .text.hal_uart_ctrl
                0x0000000000a2b62a       0x1c hal/uart/libhal_uart.a(hal_uart.c.obj)
                0x0000000000a2b62a                hal_uart_ctrl
 .text.hal_uart_v151_ctrl_get_rxfifo_passnum
                0x0000000000a2b646       0x12 hal/uart/libhal_uart.a(hal_uart_v151.c.obj)
 .text.hal_uart_v151_get_uart_rxfifo_threshold
                0x0000000000a2b658       0x22 hal/uart/libhal_uart.a(hal_uart_v151.c.obj)
 .text.hal_uart_v151_deinit
                0x0000000000a2b67a       0x12 hal/uart/libhal_uart.a(hal_uart_v151.c.obj)
 .text.hal_uart_set_diven
                0x0000000000a2b68c       0x18 hal/uart/libhal_uart.a(hal_uart_v151.c.obj)
 .text.hal_uart_is_tx_fifo_full
                0x0000000000a2b6a4       0x16 hal/uart/libhal_uart.a(hal_uart_v151.c.obj)
 .text.hal_uart_is_tx_fifo_empty
                0x0000000000a2b6ba       0x18 hal/uart/libhal_uart.a(hal_uart_v151.c.obj)
 .text.hal_uart_is_busy
                0x0000000000a2b6d2       0x1e hal/uart/libhal_uart.a(hal_uart_v151.c.obj)
 .text.hal_uart_is_rx_fifo_empty
                0x0000000000a2b6f0       0x18 hal/uart/libhal_uart.a(hal_uart_v151.c.obj)
 .text.hal_uart_v151_write
                0x0000000000a2b708       0x26 hal/uart/libhal_uart.a(hal_uart_v151.c.obj)
 .text.hal_uart_v151_read
                0x0000000000a2b72e       0x28 hal/uart/libhal_uart.a(hal_uart_v151.c.obj)
 .text.hal_uart_v151_ctrl
                0x0000000000a2b756       0x1c hal/uart/libhal_uart.a(hal_uart_v151.c.obj)
 .text.hal_uart_init_fifo
                0x0000000000a2b772       0x3c hal/uart/libhal_uart.a(hal_uart_v151.c.obj)
                0x0000000000a2b772                hal_uart_init_fifo
 .text.hal_uart_v151_ctrl_set_txfifo_int_level
                0x0000000000a2b7ae       0x20 hal/uart/libhal_uart.a(hal_uart_v151.c.obj)
 .text.hal_uart_v151_ctrl_set_rxfifo_int_level
                0x0000000000a2b7ce       0x22 hal/uart/libhal_uart.a(hal_uart_v151.c.obj)
 .text.hal_uart_set_baud_rate
                0x0000000000a2b7f0       0x46 hal/uart/libhal_uart.a(hal_uart_v151.c.obj)
                0x0000000000a2b7f0                hal_uart_set_baud_rate
 .text.hal_uart_set_data_bits
                0x0000000000a2b836       0x1a hal/uart/libhal_uart.a(hal_uart_v151.c.obj)
                0x0000000000a2b836                hal_uart_set_data_bits
 .text.hal_uart_set_stop_bits
                0x0000000000a2b850       0x1c hal/uart/libhal_uart.a(hal_uart_v151.c.obj)
                0x0000000000a2b850                hal_uart_set_stop_bits
 .text.hal_uart_auto_flow_ctl_en
                0x0000000000a2b86c       0x1c hal/uart/libhal_uart.a(hal_uart_v151.c.obj)
                0x0000000000a2b86c                hal_uart_auto_flow_ctl_en
 .text.hal_uart_enable_interrupt
                0x0000000000a2b888       0x4a hal/uart/libhal_uart.a(hal_uart_v151.c.obj)
                0x0000000000a2b888                hal_uart_enable_interrupt
 .text.hal_uart_en_para_err_int
                0x0000000000a2b8d2        0xe hal/uart/libhal_uart.a(hal_uart_v151.c.obj)
 .text.hal_uart_en_idle_int
                0x0000000000a2b8e0        0xe hal/uart/libhal_uart.a(hal_uart_v151.c.obj)
 .text.hal_uart_en_rx_int
                0x0000000000a2b8ee        0xe hal/uart/libhal_uart.a(hal_uart_v151.c.obj)
 .text.hal_uart_en_tx_int
                0x0000000000a2b8fc        0xe hal/uart/libhal_uart.a(hal_uart_v151.c.obj)
 .text.hal_uart_check_en
                0x0000000000a2b90a       0x1c hal/uart/libhal_uart.a(hal_uart_v151.c.obj)
                0x0000000000a2b90a                hal_uart_check_en
 .text.hal_uart_parity_en
                0x0000000000a2b926       0x1a hal/uart/libhal_uart.a(hal_uart_v151.c.obj)
                0x0000000000a2b926                hal_uart_parity_en
 .text.hal_uart_set_parity
                0x0000000000a2b940       0x26 hal/uart/libhal_uart.a(hal_uart_v151.c.obj)
                0x0000000000a2b940                hal_uart_set_parity
 .text.hal_uart_v151_ctrl_set_attr
                0x0000000000a2b966       0x30 hal/uart/libhal_uart.a(hal_uart_v151.c.obj)
 .text.hal_uart_tx_pause_en
                0x0000000000a2b996       0x18 hal/uart/libhal_uart.a(hal_uart_v151.c.obj)
                0x0000000000a2b996                hal_uart_tx_pause_en
 .text.hal_uart_v151_init
                0x0000000000a2b9ae       0x9e hal/uart/libhal_uart.a(hal_uart_v151.c.obj)
 .text.hal_uart_v151_funcs_get
                0x0000000000a2ba4c        0x8 hal/uart/libhal_uart.a(hal_uart_v151.c.obj)
                0x0000000000a2ba4c                hal_uart_v151_funcs_get
 .text.hal_watchdog_register_funcs
                0x0000000000a2ba54       0x16 hal/watchdog/libhal_watchdog.a(hal_watchdog.c.obj)
                0x0000000000a2ba54                hal_watchdog_register_funcs
 .text.hal_watchdog_unregister_funcs
                0x0000000000a2ba6a        0xe hal/watchdog/libhal_watchdog.a(hal_watchdog.c.obj)
                0x0000000000a2ba6a                hal_watchdog_unregister_funcs
 .text.hal_watchdog_get_funcs
                0x0000000000a2ba78        0xa hal/watchdog/libhal_watchdog.a(hal_watchdog.c.obj)
                0x0000000000a2ba78                hal_watchdog_get_funcs
 .text.hal_watchdog_regs_init
                0x0000000000a2ba82       0x1e hal/watchdog/libhal_watchdog.a(hal_watchdog.c.obj)
                0x0000000000a2ba82                hal_watchdog_regs_init
 .text.hal_watchdog_regs_deinit
                0x0000000000a2baa0        0xc hal/watchdog/libhal_watchdog.a(hal_watchdog.c.obj)
                0x0000000000a2baa0                hal_watchdog_regs_deinit
 .text.hal_watchdog_v151_kick
                0x0000000000a2baac       0x12 hal/watchdog/libhal_watchdog.a(hal_watchdog_v151.c.obj)
 .text.hal_watchdog_v151_get_attr
                0x0000000000a2babe        0xa hal/watchdog/libhal_watchdog.a(hal_watchdog_v151.c.obj)
 .text.hal_register_watchdog_v151_callback
                0x0000000000a2bac8        0xa hal/watchdog/libhal_watchdog.a(hal_watchdog_v151.c.obj)
 .text.hal_watchdog_v151_deinit
                0x0000000000a2bad2        0x2 hal/watchdog/libhal_watchdog.a(hal_watchdog_v151.c.obj)
 .text.hal_watchdog_v151_init
                0x0000000000a2bad4        0x2 hal/watchdog/libhal_watchdog.a(hal_watchdog_v151.c.obj)
 .text.hal_watchdog_v151_get_left_time
                0x0000000000a2bad6       0x50 hal/watchdog/libhal_watchdog.a(hal_watchdog_v151.c.obj)
 .text.hal_watchdog_v151_clear_interrupt
                0x0000000000a2bb26       0x12 hal/watchdog/libhal_watchdog.a(hal_watchdog_v151.c.obj)
 .text.hal_watchdog_v151_disable
                0x0000000000a2bb38       0x14 hal/watchdog/libhal_watchdog.a(hal_watchdog_v151.c.obj)
 .text.hal_watchdog_v151_set_attr
                0x0000000000a2bb4c       0x70 hal/watchdog/libhal_watchdog.a(hal_watchdog_v151.c.obj)
 .text.hal_watchdog_v151_enable
                0x0000000000a2bbbc       0x3e hal/watchdog/libhal_watchdog.a(hal_watchdog_v151.c.obj)
 .text.hal_watchdog_v151_funcs_get
                0x0000000000a2bbfa        0x8 hal/watchdog/libhal_watchdog.a(hal_watchdog_v151.c.obj)
                0x0000000000a2bbfa                hal_watchdog_v151_funcs_get
 .text.hal_sfc_regs_init
                0x0000000000a2bc02       0x5a hal/sfc/libhal_sfc.a(hal_sfc.c.obj)
                0x0000000000a2bc02                hal_sfc_regs_init
 .text.hal_sfc_regs_set_cmd_addr
                0x0000000000a2bc5c       0x1e hal/sfc/libhal_sfc.a(hal_sfc_v150.c.obj)
 .text.hal_sfc_regs_wait_ready.constprop.3
                0x0000000000a2bc7a       0x60 hal/sfc/libhal_sfc.a(hal_sfc_v150.c.obj)
 .text.hal_sfc_execute_type_cmd
                0x0000000000a2bcda       0x5c hal/sfc/libhal_sfc.a(hal_sfc_v150.c.obj)
 .text.hal_sfc_write_enable
                0x0000000000a2bd36       0x1c hal/sfc/libhal_sfc.a(hal_sfc_v150.c.obj)
 .text.hal_sfc_reg_write_once
                0x0000000000a2bd52       0x7c hal/sfc/libhal_sfc.a(hal_sfc_v150.c.obj)
 .text.hal_sfc_get_flash_id
                0x0000000000a2bdce       0x44 hal/sfc/libhal_sfc.a(hal_sfc_v150.c.obj)
                0x0000000000a2bdce                hal_sfc_get_flash_id
 .text.hal_sfc_init
                0x0000000000a2be12       0xe2 hal/sfc/libhal_sfc.a(hal_sfc_v150.c.obj)
                0x0000000000a2be12                hal_sfc_init
 .text.hal_sfc_reg_read
                0x0000000000a2bef4       0x8c hal/sfc/libhal_sfc.a(hal_sfc_v150.c.obj)
                0x0000000000a2bef4                hal_sfc_reg_read
 .text.hal_sfc_reg_write
                0x0000000000a2bf80       0x60 hal/sfc/libhal_sfc.a(hal_sfc_v150.c.obj)
                0x0000000000a2bf80                hal_sfc_reg_write
 .text.hal_sfc_reg_erase
                0x0000000000a2bfe0       0x32 hal/sfc/libhal_sfc.a(hal_sfc_v150.c.obj)
                0x0000000000a2bfe0                hal_sfc_reg_erase
 .text.hal_sfc_regs_set_opt
                0x0000000000a2c012       0x38 hal/sfc/libhal_sfc.a(hal_sfc_v150_regs_op.c.obj)
                0x0000000000a2c012                hal_sfc_regs_set_opt
 .text.hal_sfc_regs_set_opt_attr
                0x0000000000a2c04a       0x2e hal/sfc/libhal_sfc.a(hal_sfc_v150_regs_op.c.obj)
                0x0000000000a2c04a                hal_sfc_regs_set_opt_attr
 .text.hal_sfc_regs_wait_config
                0x0000000000a2c078       0x10 hal/sfc/libhal_sfc.a(hal_sfc_v150_regs_op.c.obj)
                0x0000000000a2c078                hal_sfc_regs_wait_config
 .text.hal_sfc_regs_set_bus_read
                0x0000000000a2c088       0x3c hal/sfc/libhal_sfc.a(hal_sfc_v150_regs_op.c.obj)
                0x0000000000a2c088                hal_sfc_regs_set_bus_read
 .text.hal_sfc_regs_set_bus_write
                0x0000000000a2c0c4       0x36 hal/sfc/libhal_sfc.a(hal_sfc_v150_regs_op.c.obj)
                0x0000000000a2c0c4                hal_sfc_regs_set_bus_write
 .text.pmp_enable
                0x0000000000a2c0fa       0x40 drivers/chips/ws63/porting/arch/libpmp_cfg_ws63.a(pmp_cfg.c.obj)
                0x0000000000a2c0fa                pmp_enable
 .text.print_str_inner
                0x0000000000a2c13a       0x48 drivers/chips/ws63/porting/uart/libuart_port.a(uart_porting.c.obj)
 .text.uart_port_register_hal_funcs
                0x0000000000a2c182       0x12 drivers/chips/ws63/porting/uart/libuart_port.a(uart_porting.c.obj)
                0x0000000000a2c182                uart_port_register_hal_funcs
 .text.uart_port_set_clock_value
                0x0000000000a2c194        0xa drivers/chips/ws63/porting/uart/libuart_port.a(uart_porting.c.obj)
                0x0000000000a2c194                uart_port_set_clock_value
 .text.uart_port_get_clock_value
                0x0000000000a2c19e        0xa drivers/chips/ws63/porting/uart/libuart_port.a(uart_porting.c.obj)
                0x0000000000a2c19e                uart_port_get_clock_value
 .text.uart_port_config_pinmux
                0x0000000000a2c1a8       0x10 drivers/chips/ws63/porting/uart/libuart_port.a(uart_porting.c.obj)
                0x0000000000a2c1a8                uart_port_config_pinmux
 .text.uart_port_register_irq
                0x0000000000a2c1b8        0x2 drivers/chips/ws63/porting/uart/libuart_port.a(uart_porting.c.obj)
                0x0000000000a2c1b8                uart_port_register_irq
 .text.uart_port_unregister_irq
                0x0000000000a2c1ba        0x2 drivers/chips/ws63/porting/uart/libuart_port.a(uart_porting.c.obj)
                0x0000000000a2c1ba                uart_port_unregister_irq
 .text.print_str
                0x0000000000a2c1bc       0x30 drivers/chips/ws63/porting/uart/libuart_port.a(uart_porting.c.obj)
                0x0000000000a2c1bc                print_str
 .text.uart_porting_lock
                0x0000000000a2c1ec        0x4 drivers/chips/ws63/porting/uart/libuart_port.a(uart_porting.c.obj)
                0x0000000000a2c1ec                uart_porting_lock
 .text.uart_porting_unlock
                0x0000000000a2c1f0        0x6 drivers/chips/ws63/porting/uart/libuart_port.a(uart_porting.c.obj)
                0x0000000000a2c1f0                uart_porting_unlock
 .text.hal_systick_get_count
                0x0000000000a2c1f6       0x10 drivers/chips/ws63/porting/systick/libsystick_port.a(hal_systick_ws63.c.obj)
                0x0000000000a2c1f6                hal_systick_get_count
 .text.systick_clock_get
                0x0000000000a2c206        0xa drivers/chips/ws63/porting/systick/libsystick_port.a(systick_porting.c.obj)
                0x0000000000a2c206                systick_clock_get
 .text.tcxo_porting_base_addr_get
                0x0000000000a2c210        0x8 drivers/chips/ws63/porting/tcxo/libtcxo_port.a(tcxo_porting.c.obj)
                0x0000000000a2c210                tcxo_porting_base_addr_get
 .text.tcxo_porting_ticks_per_usec_get
                0x0000000000a2c218        0xa drivers/chips/ws63/porting/tcxo/libtcxo_port.a(tcxo_porting.c.obj)
                0x0000000000a2c218                tcxo_porting_ticks_per_usec_get
 .text.tcxo_porting_ticks_per_usec_set
                0x0000000000a2c222        0xa drivers/chips/ws63/porting/tcxo/libtcxo_port.a(tcxo_porting.c.obj)
                0x0000000000a2c222                tcxo_porting_ticks_per_usec_set
 .text.watchdog_port_register_hal_funcs
                0x0000000000a2c22c        0xc drivers/chips/ws63/porting/watchdog/libwatchdog_port.a(watchdog_porting.c.obj)
                0x0000000000a2c22c                watchdog_port_register_hal_funcs
 .text.watchdog_port_unregister_hal_funcs
                0x0000000000a2c238        0x4 drivers/chips/ws63/porting/watchdog/libwatchdog_port.a(watchdog_porting.c.obj)
                0x0000000000a2c238                watchdog_port_unregister_hal_funcs
 .text.watchdog_port_register_irq
                0x0000000000a2c23c        0x2 drivers/chips/ws63/porting/watchdog/libwatchdog_port.a(watchdog_porting.c.obj)
                0x0000000000a2c23c                watchdog_port_register_irq
 .text.watchdog_port_set_clock
                0x0000000000a2c23e       0x16 drivers/chips/ws63/porting/watchdog/libwatchdog_port.a(watchdog_porting.c.obj)
                0x0000000000a2c23e                watchdog_port_set_clock
 .text.watchdog_port_get_clock
                0x0000000000a2c254        0xa drivers/chips/ws63/porting/watchdog/libwatchdog_port.a(watchdog_porting.c.obj)
                0x0000000000a2c254                watchdog_port_get_clock
 .text.pmp_port_register_hal_funcs
                0x0000000000a2c25e        0xc drivers/chips/ws63/porting/pmp/libpmp_port.a(pmp_porting.c.obj)
                0x0000000000a2c25e                pmp_port_register_hal_funcs
 .text.sfc_port_get_flash_spi_infos
                0x0000000000a2c26a        0x8 drivers/chips/ws63/porting/sfc/flash_config/libsfc_flash_config_ws63.a(flash_config_info.c.obj)
                0x0000000000a2c26a                sfc_port_get_flash_spi_infos
 .text.sfc_port_get_flash_num
                0x0000000000a2c272        0x4 drivers/chips/ws63/porting/sfc/flash_config/libsfc_flash_config_ws63.a(flash_config_info.c.obj)
                0x0000000000a2c272                sfc_port_get_flash_num
 .text.sfc_port_get_unknown_flash_info
                0x0000000000a2c276        0x8 drivers/chips/ws63/porting/sfc/flash_config/libsfc_flash_config_ws63.a(flash_config_info.c.obj)
                0x0000000000a2c276                sfc_port_get_unknown_flash_info
 .text.sfc_port_get_sfc_start_addr
                0x0000000000a2c27e        0x6 drivers/chips/ws63/porting/sfc/porting/libsfc_port_ws63.a(sfc_porting.c.obj)
                0x0000000000a2c27e                sfc_port_get_sfc_start_addr
 .text.sfc_port_get_sfc_end_addr
                0x0000000000a2c284        0x8 drivers/chips/ws63/porting/sfc/porting/libsfc_port_ws63.a(sfc_porting.c.obj)
                0x0000000000a2c284                sfc_port_get_sfc_end_addr
 .text.sfc_port_get_sfc_global_conf_base_addr
                0x0000000000a2c28c        0x8 drivers/chips/ws63/porting/sfc/porting/libsfc_port_ws63.a(sfc_porting.c.obj)
                0x0000000000a2c28c                sfc_port_get_sfc_global_conf_base_addr
 .text.sfc_port_get_sfc_bus_regs_base_addr
                0x0000000000a2c294        0x8 drivers/chips/ws63/porting/sfc/porting/libsfc_port_ws63.a(sfc_porting.c.obj)
                0x0000000000a2c294                sfc_port_get_sfc_bus_regs_base_addr
 .text.sfc_port_get_sfc_bus_dma_regs_base_addr
                0x0000000000a2c29c        0x8 drivers/chips/ws63/porting/sfc/porting/libsfc_port_ws63.a(sfc_porting.c.obj)
                0x0000000000a2c29c                sfc_port_get_sfc_bus_dma_regs_base_addr
 .text.sfc_port_get_sfc_cmd_regs_base_addr
                0x0000000000a2c2a4        0x8 drivers/chips/ws63/porting/sfc/porting/libsfc_port_ws63.a(sfc_porting.c.obj)
                0x0000000000a2c2a4                sfc_port_get_sfc_cmd_regs_base_addr
 .text.sfc_port_get_sfc_cmd_databuf_base_addr
                0x0000000000a2c2ac        0x8 drivers/chips/ws63/porting/sfc/porting/libsfc_port_ws63.a(sfc_porting.c.obj)
                0x0000000000a2c2ac                sfc_port_get_sfc_cmd_databuf_base_addr
 .text.sfc_port_get_delay_once_time
                0x0000000000a2c2b4        0xa drivers/chips/ws63/porting/sfc/porting/libsfc_port_ws63.a(sfc_porting.c.obj)
                0x0000000000a2c2b4                sfc_port_get_delay_once_time
 .text.sfc_port_get_delay_times
                0x0000000000a2c2be        0xa drivers/chips/ws63/porting/sfc/porting/libsfc_port_ws63.a(sfc_porting.c.obj)
                0x0000000000a2c2be                sfc_port_get_delay_times
 .text.sfc_port_lock_init
                0x0000000000a2c2c8        0x2 drivers/chips/ws63/porting/sfc/porting/libsfc_port_ws63.a(sfc_porting.c.obj)
                0x0000000000a2c2c8                sfc_port_lock_init
 .text.sfc_port_lock
                0x0000000000a2c2ca        0x4 drivers/chips/ws63/porting/sfc/porting/libsfc_port_ws63.a(sfc_porting.c.obj)
                0x0000000000a2c2ca                sfc_port_lock
 .text.sfc_port_unlock
                0x0000000000a2c2ce        0x2 drivers/chips/ws63/porting/sfc/porting/libsfc_port_ws63.a(sfc_porting.c.obj)
                0x0000000000a2c2ce                sfc_port_unlock
 .text.hal_sfc_regs_wait_ready.constprop.0
                0x0000000000a2c2d0       0x5c drivers/chips/ws63/porting/sfc/porting/libsfc_port_ws63.a(sfc_protect.c.obj)
 .text.sfc_port_write_sr
                0x0000000000a2c32c       0x76 drivers/chips/ws63/porting/sfc/porting/libsfc_port_ws63.a(sfc_protect.c.obj)
                0x0000000000a2c32c                sfc_port_write_sr
 .text.sfc_port_read_sr
                0x0000000000a2c3a2       0x32 drivers/chips/ws63/porting/sfc/porting/libsfc_port_ws63.a(sfc_protect.c.obj)
                0x0000000000a2c3a2                sfc_port_read_sr
 .text.sfc_port_write_lock
                0x0000000000a2c3d4       0x32 drivers/chips/ws63/porting/sfc/porting/libsfc_port_ws63.a(sfc_protect.c.obj)
                0x0000000000a2c3d4                sfc_port_write_lock
 .text.sfc_port_write_unlock
                0x0000000000a2c406       0x1a drivers/chips/ws63/porting/sfc/porting/libsfc_port_ws63.a(sfc_protect.c.obj)
                0x0000000000a2c406                sfc_port_write_unlock
 .text.sfc_port_fix_sr
                0x0000000000a2c420       0x24 drivers/chips/ws63/porting/sfc/porting/libsfc_port_ws63.a(sfc_protect.c.obj)
                0x0000000000a2c420                sfc_port_fix_sr
 .text.sfc_port_gd25q32_read_sr
                0x0000000000a2c444       0x82 drivers/chips/ws63/porting/sfc/porting/libsfc_port_ws63.a(sfc_protect_gd25q32.c.obj)
 .text.sfc_port_fix_sr_gd25q32
                0x0000000000a2c4c6       0x7e drivers/chips/ws63/porting/sfc/porting/libsfc_port_ws63.a(sfc_protect_gd25q32.c.obj)
                0x0000000000a2c4c6                sfc_port_fix_sr_gd25q32
 .text.build_flash_ctrl
                0x0000000000a2c544       0x52 drivers/chips/ws63/porting/sfc/driver/libsfc_boot.a(sfc.c.obj)
 .text.check_opt_param
                0x0000000000a2c596       0x36 drivers/chips/ws63/porting/sfc/driver/libsfc_boot.a(sfc.c.obj)
 .text.check_init_param
                0x0000000000a2c5cc       0x46 drivers/chips/ws63/porting/sfc/driver/libsfc_boot.a(sfc.c.obj)
 .text.uapi_sfc_init
                0x0000000000a2c612       0xaa drivers/chips/ws63/porting/sfc/driver/libsfc_boot.a(sfc.c.obj)
                0x0000000000a2c612                uapi_sfc_init
 .text.uapi_sfc_reg_read
                0x0000000000a2c6bc       0xd4 drivers/chips/ws63/porting/sfc/driver/libsfc_boot.a(sfc.c.obj)
                0x0000000000a2c6bc                uapi_sfc_reg_read
 .text.uapi_sfc_reg_write
                0x0000000000a2c790       0xfe drivers/chips/ws63/porting/sfc/driver/libsfc_boot.a(sfc.c.obj)
                0x0000000000a2c790                uapi_sfc_reg_write
 .text.uapi_sfc_reg_erase
                0x0000000000a2c88e       0xbe drivers/chips/ws63/porting/sfc/driver/libsfc_boot.a(sfc.c.obj)
                0x0000000000a2c88e                uapi_sfc_reg_erase
 .text.efuse_read_item.part.1
                0x0000000000a2c94c       0x98 drivers/chips/ws63/porting/efuse/libefuse_port.a(efuse_porting.c.obj)
 .text.efuse_port_register_hal_funcs
                0x0000000000a2c9e4        0xc drivers/chips/ws63/porting/efuse/libefuse_port.a(efuse_porting.c.obj)
                0x0000000000a2c9e4                efuse_port_register_hal_funcs
 .text.hal_efuse_get_region
                0x0000000000a2c9f0        0x6 drivers/chips/ws63/porting/efuse/libefuse_port.a(efuse_porting.c.obj)
                0x0000000000a2c9f0                hal_efuse_get_region
 .text.hal_efuse_get_byte_offset
                0x0000000000a2c9f6        0x4 drivers/chips/ws63/porting/efuse/libefuse_port.a(efuse_porting.c.obj)
                0x0000000000a2c9f6                hal_efuse_get_byte_offset
 .text.efuse_read_item
                0x0000000000a2c9fa        0xe drivers/chips/ws63/porting/efuse/libefuse_port.a(efuse_porting.c.obj)
                0x0000000000a2c9fa                efuse_read_item
 .text.set_efuse_period
                0x0000000000a2ca08       0x16 drivers/chips/ws63/porting/efuse/libefuse_port.a(efuse_porting.c.obj)
                0x0000000000a2ca08                set_efuse_period
 .text.malloc_port
                0x0000000000a2ca1e        0x4 drivers/chips/ws63/porting/mem/libnonos_malloc_port.a(malloc_porting.c.obj)
 .text.malloc_port_init
                0x0000000000a2ca22       0x3a drivers/chips/ws63/porting/mem/libnonos_malloc_port.a(malloc_porting.c.obj)
                0x0000000000a2ca22                malloc_port_init
 .text.reboot_port_reboot_chip
                0x0000000000a2ca5c       0x22 drivers/chips/ws63/porting/reboot/libreboot_port.a(reboot_porting.c.obj)
                0x0000000000a2ca5c                reboot_port_reboot_chip
 .text.get_tcxo_freq
                0x0000000000a2ca7e        0xa drivers/chips/ws63/porting/soc/libsoc_port.a(soc_porting.c.obj)
                0x0000000000a2ca7e                get_tcxo_freq
 .text.boot_clock_adapt
                0x0000000000a2ca88       0x44 drivers/chips/ws63/porting/soc/libsoc_port.a(soc_porting.c.obj)
                0x0000000000a2ca88                boot_clock_adapt
 .text.switch_flash_clock_to_pll
                0x0000000000a2cacc       0x2c drivers/chips/ws63/porting/soc/libsoc_port.a(soc_porting.c.obj)
                0x0000000000a2cacc                switch_flash_clock_to_pll
 .text.config_sfc_ctrl_ds
                0x0000000000a2caf8       0x66 drivers/chips/ws63/porting/soc/libsoc_port.a(soc_porting.c.obj)
                0x0000000000a2caf8                config_sfc_ctrl_ds
 .text.serial_set_mute
                0x0000000000a2cb5e        0xc drivers/chips/ws63/boot/boot_porting/libchip_boot_port.a(serial.c.obj)
                0x0000000000a2cb5e                serial_set_mute
 .text.serial_cancel_mute
                0x0000000000a2cb6a        0xc drivers/chips/ws63/boot/boot_porting/libchip_boot_port.a(serial.c.obj)
                0x0000000000a2cb6a                serial_cancel_mute
 .text.serial_putc
                0x0000000000a2cb76       0x20 drivers/chips/ws63/boot/boot_porting/libchip_boot_port.a(serial.c.obj)
                0x0000000000a2cb76                serial_putc
 .text.serial_puts
                0x0000000000a2cb96       0x24 drivers/chips/ws63/boot/boot_porting/libchip_boot_port.a(serial.c.obj)
                0x0000000000a2cb96                serial_puts
 .text.serial_puthex
                0x0000000000a2cbba       0x64 drivers/chips/ws63/boot/boot_porting/libchip_boot_port.a(serial.c.obj)
                0x0000000000a2cbba                serial_puthex
 .text.boot_msg0
                0x0000000000a2cc1e       0x12 drivers/chips/ws63/boot/boot_porting/libchip_boot_port.a(serial.c.obj)
                0x0000000000a2cc1e                boot_msg0
 .text.boot_msg1
                0x0000000000a2cc30       0x1c drivers/chips/ws63/boot/boot_porting/libchip_boot_port.a(serial.c.obj)
                0x0000000000a2cc30                boot_msg1
 .text.boot_msg2
                0x0000000000a2cc4c       0x32 drivers/chips/ws63/boot/boot_porting/libchip_boot_port.a(serial.c.obj)
                0x0000000000a2cc4c                boot_msg2
 .text.hiburn_uart_init
                0x0000000000a2cc7e       0x7c drivers/chips/ws63/boot/boot_porting/libchip_boot_port.a(serial.c.obj)
                0x0000000000a2cc7e                hiburn_uart_init
 .text.set_reset_count
                0x0000000000a2ccfa       0x14 drivers/chips/ws63/boot/boot_porting/libchip_boot_port.a(reset_porting.c.obj)
                0x0000000000a2ccfa                set_reset_count
 .text.update_reset_count
                0x0000000000a2cd0e       0x3a drivers/chips/ws63/boot/boot_porting/libchip_boot_port.a(reset_porting.c.obj)
                0x0000000000a2cd0e                update_reset_count
 .text.interrupt0_handler
                0x0000000000a2cd48       0x40 drivers/chips/ws63/libchip_ws63.a(interrupt_handler.c.obj)
                0x0000000000a2cd48                interrupt0_handler
 .text.interrupt1_handler
                0x0000000000a2cd88       0x40 drivers/chips/ws63/libchip_ws63.a(interrupt_handler.c.obj)
                0x0000000000a2cd88                interrupt1_handler
 .text.interrupt2_handler
                0x0000000000a2cdc8       0x40 drivers/chips/ws63/libchip_ws63.a(interrupt_handler.c.obj)
                0x0000000000a2cdc8                interrupt2_handler
 .text.interrupt3_handler
                0x0000000000a2ce08       0x40 drivers/chips/ws63/libchip_ws63.a(interrupt_handler.c.obj)
                0x0000000000a2ce08                interrupt3_handler
 .text.interrupt4_handler
                0x0000000000a2ce48       0x40 drivers/chips/ws63/libchip_ws63.a(interrupt_handler.c.obj)
                0x0000000000a2ce48                interrupt4_handler
 .text.interrupt5_handler
                0x0000000000a2ce88       0x40 drivers/chips/ws63/libchip_ws63.a(interrupt_handler.c.obj)
                0x0000000000a2ce88                interrupt5_handler
 .text.local_interrupt_handler
                0x0000000000a2cec8       0x50 drivers/chips/ws63/libchip_ws63.a(interrupt_handler.c.obj)
                0x0000000000a2cec8                local_interrupt_handler
 .text.interrupt_number_get
                0x0000000000a2cf18        0xc drivers/chips/ws63/libchip_ws63.a(interrupt_handler.c.obj)
                0x0000000000a2cf18                interrupt_number_get
 .text.isr_not_implemented
                0x0000000000a2cf24        0x2 drivers/chips/ws63/libchip_ws63.a(vectors.c.obj)
                0x0000000000a2cf24                usb_handler
                0x0000000000a2cf24                pmu_cmu_interrupt_handler
                0x0000000000a2cf24                pmu_sleep_handler
                0x0000000000a2cf24                b_wdt_handler
                0x0000000000a2cf24                i2c_2_handler
                0x0000000000a2cf24                pmu_32k_cali_handler
                0x0000000000a2cf24                hal_timer_isr
                0x0000000000a2cf24                pwm_4_handler
                0x0000000000a2cf24                irq_uarth0_handler
                0x0000000000a2cf24                qspi0_2cs_handler
                0x0000000000a2cf24                pwm_2_handler
                0x0000000000a2cf24                pwm_0_handler
                0x0000000000a2cf24                pmu_wakeup_handler
                0x0000000000a2cf24                spi_m_s_1_handler
                0x0000000000a2cf24                sec_int_handler
                0x0000000000a2cf24                spi_m_handler
                0x0000000000a2cf24                mcu_pclr_lock_handler
                0x0000000000a2cf24                qdec_handler
                0x0000000000a2cf24                eh2h_brg_int_handler
                0x0000000000a2cf24                hal_rtc_timer_isr
                0x0000000000a2cf24                mem_sub_monitor_handler
                0x0000000000a2cf24                spi_m_s_0_handler
                0x0000000000a2cf24                irq_uartl2_handler
                0x0000000000a2cf24                spi3_m_s_handler
                0x0000000000a2cf24                bt_int1_handler
                0x0000000000a2cf24                b_sub_monitor_handler
                0x0000000000a2cf24                pwm_3_handler
                0x0000000000a2cf24                irq_uartl0_handler
                0x0000000000a2cf24                i2c_0_handler
                0x0000000000a2cf24                pwm_1_handler
                0x0000000000a2cf24                pwm_5_handler
                0x0000000000a2cf24                eflash_handler
                0x0000000000a2cf24                irq_dma_handler
                0x0000000000a2cf24                i2c_1_handler
                0x0000000000a2cf24                reserve_handler
                0x0000000000a2cf24                spi4_s_handler
                0x0000000000a2cf24                bt_int0_handler
                0x0000000000a2cf24                irq_shareram_monitor_handler
                0x0000000000a2cf24                key_scan_handler
                0x0000000000a2cf24                irq_tsensor_handler
                0x0000000000a2cf24                irq_sdma_handler
                0x0000000000a2cf24                qspi1_2cs_handler
                0x0000000000a2cf24                irq_gpio_handler
 .text.isr_get_ramexceptiontable_addr
                0x0000000000a2cf26        0x8 drivers/chips/ws63/libchip_ws63.a(vectors.c.obj)
                0x0000000000a2cf26                isr_get_ramexceptiontable_addr
 .text.do_hard_fault_handler
                0x0000000000a2cf2e       0x68 middleware/chips/ws63/exception/libdfx_exception.a(exception_riscv.c.obj)
                0x0000000000a2cf2e                do_hard_fault_handler
 .text.exc_info_display.part.2
                0x0000000000a2cf96      0x226 middleware/chips/ws63/exception/libdfx_exception.a(exception_riscv.c.obj)
 .text.do_process_exception
                0x0000000000a2d1bc       0x16 middleware/chips/ws63/exception/libdfx_exception.a(exception_riscv.c.obj)
 .text.do_trap_unknown
                0x0000000000a2d1d2       0x16 middleware/chips/ws63/exception/libdfx_exception.a(exception_riscv.c.obj)
                0x0000000000a2d1d2                do_trap_unknown
 .text.do_trap_insn_misaligned
                0x0000000000a2d1e8       0x16 middleware/chips/ws63/exception/libdfx_exception.a(exception_riscv.c.obj)
                0x0000000000a2d1e8                do_trap_insn_misaligned
 .text.do_trap_insn_fault
                0x0000000000a2d1fe       0x16 middleware/chips/ws63/exception/libdfx_exception.a(exception_riscv.c.obj)
                0x0000000000a2d1fe                do_trap_insn_fault
 .text.do_trap_insn_illegal
                0x0000000000a2d214       0x16 middleware/chips/ws63/exception/libdfx_exception.a(exception_riscv.c.obj)
                0x0000000000a2d214                do_trap_insn_illegal
 .text.do_trap_load_misaligned
                0x0000000000a2d22a       0x16 middleware/chips/ws63/exception/libdfx_exception.a(exception_riscv.c.obj)
                0x0000000000a2d22a                do_trap_load_misaligned
 .text.do_trap_load_fault
                0x0000000000a2d240       0x16 middleware/chips/ws63/exception/libdfx_exception.a(exception_riscv.c.obj)
                0x0000000000a2d240                do_trap_load_fault
 .text.do_trap_store_misaligned
                0x0000000000a2d256       0x16 middleware/chips/ws63/exception/libdfx_exception.a(exception_riscv.c.obj)
                0x0000000000a2d256                do_trap_store_misaligned
 .text.do_trap_store_fault
                0x0000000000a2d26c       0x16 middleware/chips/ws63/exception/libdfx_exception.a(exception_riscv.c.obj)
                0x0000000000a2d26c                do_trap_store_fault
 .text.do_trap_ecall_u
                0x0000000000a2d282       0x16 middleware/chips/ws63/exception/libdfx_exception.a(exception_riscv.c.obj)
                0x0000000000a2d282                do_trap_ecall_u
 .text.do_trap_ecall_s
                0x0000000000a2d298       0x16 middleware/chips/ws63/exception/libdfx_exception.a(exception_riscv.c.obj)
                0x0000000000a2d298                do_trap_ecall_s
 .text.do_trap_ecall_m
                0x0000000000a2d2ae       0x16 middleware/chips/ws63/exception/libdfx_exception.a(exception_riscv.c.obj)
                0x0000000000a2d2ae                do_trap_ecall_m
 .text.do_trap_break
                0x0000000000a2d2c4       0x16 middleware/chips/ws63/exception/libdfx_exception.a(exception_riscv.c.obj)
                0x0000000000a2d2c4                do_trap_break
 .text.do_insn_page_fault
                0x0000000000a2d2da       0x16 middleware/chips/ws63/exception/libdfx_exception.a(exception_riscv.c.obj)
                0x0000000000a2d2da                do_insn_page_fault
 .text.do_load_page_fault
                0x0000000000a2d2f0       0x16 middleware/chips/ws63/exception/libdfx_exception.a(exception_riscv.c.obj)
                0x0000000000a2d2f0                do_load_page_fault
 .text.do_store_page_fault
                0x0000000000a2d306       0x16 middleware/chips/ws63/exception/libdfx_exception.a(exception_riscv.c.obj)
                0x0000000000a2d306                do_store_page_fault
 .text.do_hard_fault
                0x0000000000a2d31c       0x16 middleware/chips/ws63/exception/libdfx_exception.a(exception_riscv.c.obj)
                0x0000000000a2d31c                do_hard_fault
 .text.do_lockup
                0x0000000000a2d332       0x16 middleware/chips/ws63/exception/libdfx_exception.a(exception_riscv.c.obj)
                0x0000000000a2d332                do_lockup
 .text.default_handler
                0x0000000000a2d348       0x14 middleware/chips/ws63/exception/libdfx_exception.a(exception_riscv.c.obj)
                0x0000000000a2d348                default_handler
 .text.nmi_handler
                0x0000000000a2d35c       0x14 middleware/chips/ws63/exception/libdfx_exception.a(exception_riscv.c.obj)
                0x0000000000a2d35c                nmi_handler
 .text.partition_get_addr
                0x0000000000a2d370        0x8 middleware/chips/ws63/partition/libpartition_ws63.a(partition_porting.c.obj)
                0x0000000000a2d370                partition_get_addr
 .text.partition_get_path_map
                0x0000000000a2d378        0xc middleware/chips/ws63/partition/libpartition_ws63.a(partition_porting.c.obj)
                0x0000000000a2d378                partition_get_path_map
 .text.upg_progress_callbck
                0x0000000000a2d384       0x5e middleware/chips/ws63/update/common/libupdate_common_ws63.a(upg_common_porting.c.obj)
 .text.check_fota_msid
                0x0000000000a2d3e2       0x38 middleware/chips/ws63/update/common/libupdate_common_ws63.a(upg_common_porting.c.obj)
 .text.ws63_upg_putc
                0x0000000000a2d41a        0x4 middleware/chips/ws63/update/common/libupdate_common_ws63.a(upg_common_porting.c.obj)
 .text.upg_free_port
                0x0000000000a2d41e       0x18 middleware/chips/ws63/update/common/libupdate_common_ws63.a(upg_common_porting.c.obj)
 .text.upg_malloc_port
                0x0000000000a2d436       0x1c middleware/chips/ws63/update/common/libupdate_common_ws63.a(upg_common_porting.c.obj)
 .text.upg_get_ids_map
                0x0000000000a2d452        0xc middleware/chips/ws63/update/common/libupdate_common_ws63.a(upg_common_porting.c.obj)
                0x0000000000a2d452                upg_get_ids_map
 .text.upg_img_in_set
                0x0000000000a2d45e       0x26 middleware/chips/ws63/update/common/libupdate_common_ws63.a(upg_common_porting.c.obj)
                0x0000000000a2d45e                upg_img_in_set
 .text.upg_get_upgrade_flag_flash_start_addr
                0x0000000000a2d484       0x1e middleware/chips/ws63/update/common/libupdate_common_ws63.a(upg_common_porting.c.obj)
                0x0000000000a2d484                upg_get_upgrade_flag_flash_start_addr
 .text.upg_get_progress_status_start_addr
                0x0000000000a2d4a2       0x24 middleware/chips/ws63/update/common/libupdate_common_ws63.a(upg_common_porting.c.obj)
                0x0000000000a2d4a2                upg_get_progress_status_start_addr
 .text.upg_get_fota_partiton_area_addr
                0x0000000000a2d4c6       0x1c middleware/chips/ws63/update/common/libupdate_common_ws63.a(upg_common_porting.c.obj)
                0x0000000000a2d4c6                upg_get_fota_partiton_area_addr
 .text.upg_reboot
                0x0000000000a2d4e2       0x10 middleware/chips/ws63/update/common/libupdate_common_ws63.a(upg_common_porting.c.obj)
                0x0000000000a2d4e2                upg_reboot
 .text.upg_progress_callback_register
                0x0000000000a2d4f2       0x1c middleware/chips/ws63/update/common/libupdate_common_ws63.a(upg_common_porting.c.obj)
                0x0000000000a2d4f2                upg_progress_callback_register
 .text.upg_watchdog_kick
                0x0000000000a2d50e        0x4 middleware/chips/ws63/update/common/libupdate_common_ws63.a(upg_common_porting.c.obj)
                0x0000000000a2d50e                upg_watchdog_kick
 .text.upg_get_flash_base_addr
                0x0000000000a2d512        0x6 middleware/chips/ws63/update/common/libupdate_common_ws63.a(upg_common_porting.c.obj)
                0x0000000000a2d512                upg_get_flash_base_addr
 .text.upg_get_flash_size
                0x0000000000a2d518        0x6 middleware/chips/ws63/update/common/libupdate_common_ws63.a(upg_common_porting.c.obj)
                0x0000000000a2d518                upg_get_flash_size
 .text.upg_flash_read
                0x0000000000a2d51e        0xa middleware/chips/ws63/update/common/libupdate_common_ws63.a(upg_common_porting.c.obj)
                0x0000000000a2d51e                upg_flash_read
 .text.upg_flash_erase
                0x0000000000a2d528       0xae middleware/chips/ws63/update/common/libupdate_common_ws63.a(upg_common_porting.c.obj)
                0x0000000000a2d528                upg_flash_erase
 .text.upg_flash_write
                0x0000000000a2d5d6       0x1e middleware/chips/ws63/update/common/libupdate_common_ws63.a(upg_common_porting.c.obj)
                0x0000000000a2d5d6                upg_flash_write
 .text.upg_get_root_public_key
                0x0000000000a2d5f4       0x1e middleware/chips/ws63/update/common/libupdate_common_ws63.a(upg_common_porting.c.obj)
                0x0000000000a2d5f4                upg_get_root_public_key
 .text.upg_check_fota_information
                0x0000000000a2d612       0x1e middleware/chips/ws63/update/common/libupdate_common_ws63.a(upg_common_porting.c.obj)
                0x0000000000a2d612                upg_check_fota_information
 .text.ws63_upg_init
                0x0000000000a2d630       0x42 middleware/chips/ws63/update/common/libupdate_common_ws63.a(upg_common_porting.c.obj)
                0x0000000000a2d630                ws63_upg_init
 .text.upg_erase_whole_image
                0x0000000000a2d672       0x16 middleware/chips/ws63/update/common/libupdate_common_ws63.a(upg_common_porting.c.obj)
                0x0000000000a2d672                upg_erase_whole_image
 .text.upg_cryto_init
                0x0000000000a2d688      0x10e middleware/chips/ws63/update/local_update/libupdate_local_ws63.a(upg_encry_porting.c.obj)
                0x0000000000a2d688                upg_cryto_init
 .text.upg_cryto_deinit
                0x0000000000a2d796       0x30 middleware/chips/ws63/update/local_update/libupdate_local_ws63.a(upg_encry_porting.c.obj)
                0x0000000000a2d796                upg_cryto_deinit
 .text.upg_process_cryto_info
                0x0000000000a2d7c6       0x18 middleware/chips/ws63/update/local_update/libupdate_local_ws63.a(upg_encry_porting.c.obj)
                0x0000000000a2d7c6                upg_process_cryto_info
 .text.upg_decry_fota_pkt
                0x0000000000a2d7de       0x40 middleware/chips/ws63/update/local_update/libupdate_local_ws63.a(upg_encry_porting.c.obj)
                0x0000000000a2d7de                upg_decry_fota_pkt
 .text.upg_encry_fota_pkt
                0x0000000000a2d81e       0x40 middleware/chips/ws63/update/local_update/libupdate_local_ws63.a(upg_encry_porting.c.obj)
                0x0000000000a2d81e                upg_encry_fota_pkt
 .text.mfg_malloc
                0x0000000000a2d85e       0x1c middleware/chips/ws63/factory/libfactory_ws63.a(factory.c.obj)
 .text.mfg_free
                0x0000000000a2d87a       0x18 middleware/chips/ws63/factory/libfactory_ws63.a(factory.c.obj)
 .text.mfg_flash_read
                0x0000000000a2d892       0x44 middleware/chips/ws63/factory/libfactory_ws63.a(factory.c.obj)
                0x0000000000a2d892                mfg_flash_read
 .text.mfg_flash_write_info
                0x0000000000a2d8d6       0xfc middleware/chips/ws63/factory/libfactory_ws63.a(factory.c.obj)
                0x0000000000a2d8d6                mfg_flash_write_info
 .text.mfg_flash_write
                0x0000000000a2d9d2       0x44 middleware/chips/ws63/factory/libfactory_ws63.a(factory.c.obj)
                0x0000000000a2d9d2                mfg_flash_write
 .text.mfg_get_ftm_run_region
                0x0000000000a2da16       0x90 middleware/chips/ws63/factory/libfactory_ws63.a(factory.c.obj)
                0x0000000000a2da16                mfg_get_ftm_run_region
 .text.cpu_utils_set_system_status_by_cause
                0x0000000000a2daa6        0x8 utils/dfx/dfx_reboot/cpu_utils/libcpu_utils.a(cpu_utils.c.obj)
                0x0000000000a2daa6                cpu_utils_set_system_status_by_cause
 .text.cpu_utils_reset_chip_with_log
                0x0000000000a2daae       0x16 utils/dfx/dfx_reboot/cpu_utils/libcpu_utils.a(cpu_utils.c.obj)
                0x0000000000a2daae                cpu_utils_reset_chip_with_log
 .text.panic_deal
                0x0000000000a2dac4       0x84 utils/dfx/libdfx_panic.a(panic.c.obj)
                0x0000000000a2dac4                panic_deal
 .text.panic    0x0000000000a2db48       0x26 utils/dfx/libdfx_panic.a(panic_rom.c.obj)
                0x0000000000a2db48                panic
 .text.duplicate_preserve_mem
                0x0000000000a2db6e       0x18 utils/dfx/libdfx_preserve.a(preserve.c.obj)
 .text.set_cpu_utils_system_boot_magic
                0x0000000000a2db86       0x50 utils/dfx/libdfx_preserve.a(preserve.c.obj)
                0x0000000000a2db86                set_cpu_utils_system_boot_magic
 .text.set_cpu_utils_reset_cause
                0x0000000000a2dbd6       0x12 utils/dfx/libdfx_preserve.a(preserve.c.obj)
                0x0000000000a2dbd6                set_cpu_utils_reset_cause
 .text.set_update_reset_cause_on_boot
                0x0000000000a2dbe8        0xc utils/dfx/libdfx_preserve.a(preserve.c.obj)
                0x0000000000a2dbe8                set_update_reset_cause_on_boot
 .text.set_last_panic
                0x0000000000a2dbf4       0x1c utils/dfx/libdfx_preserve.a(preserve.c.obj)
                0x0000000000a2dbf4                set_last_panic
 .text.set_exception_info_riscv
                0x0000000000a2dc10       0x1c utils/dfx/libdfx_preserve.a(preserve.c.obj)
                0x0000000000a2dc10                set_exception_info_riscv
 .text.set_exception_info
                0x0000000000a2dc2c       0x20 utils/dfx/libdfx_preserve.a(preserve.c.obj)
                0x0000000000a2dc2c                set_exception_info
 .text.set_exception_stack_frame
                0x0000000000a2dc4c       0x14 utils/dfx/libdfx_preserve.a(preserve.c.obj)
                0x0000000000a2dc4c                set_exception_stack_frame
 .text.uapi_partition_init
                0x0000000000a2dc60       0x7e utils/partition/libpartition.a(partition.c.obj)
                0x0000000000a2dc60                uapi_partition_init
 .text.uapi_partition_get_info
                0x0000000000a2dcde       0x80 utils/partition/libpartition.a(partition.c.obj)
                0x0000000000a2dcde                uapi_partition_get_info
 .text.upg_malloc
                0x0000000000a2dd5e       0x1a utils/update/common/libupdate_common.a(upg_alloc.c.obj)
                0x0000000000a2dd5e                upg_malloc
 .text.upg_free
                0x0000000000a2dd78       0x30 utils/update/common/libupdate_common.a(upg_alloc.c.obj)
                0x0000000000a2dd78                upg_free
 .text.upg_get_ctx
                0x0000000000a2dda8        0x8 utils/update/common/libupdate_common.a(upg_common.c.obj)
                0x0000000000a2dda8                upg_get_ctx
 .text.upg_alloc_and_get_upgrade_flag
                0x0000000000a2ddb0       0x62 utils/update/common/libupdate_common.a(upg_common.c.obj)
                0x0000000000a2ddb0                upg_alloc_and_get_upgrade_flag
 .text.upg_get_image_info
                0x0000000000a2de12       0x46 utils/update/common/libupdate_common.a(upg_common.c.obj)
                0x0000000000a2de12                upg_get_image_info
 .text.upg_read_fota_pkg_data
                0x0000000000a2de58       0x4c utils/update/common/libupdate_common.a(upg_common.c.obj)
                0x0000000000a2de58                upg_read_fota_pkg_data
 .text.uapi_upg_get_storage_size
                0x0000000000a2dea4       0x26 utils/update/common/libupdate_common.a(upg_common.c.obj)
                0x0000000000a2dea4                uapi_upg_get_storage_size
 .text.upg_get_partition_info
                0x0000000000a2deca       0x4a utils/update/common/libupdate_common.a(upg_common.c.obj)
                0x0000000000a2deca                upg_get_partition_info
 .text.upg_get_package_header
                0x0000000000a2df14       0x22 utils/update/common/libupdate_common.a(upg_common.c.obj)
                0x0000000000a2df14                upg_get_package_header
 .text.upg_get_pkg_image_hash_table
                0x0000000000a2df36       0x34 utils/update/common/libupdate_common.a(upg_common.c.obj)
                0x0000000000a2df36                upg_get_pkg_image_hash_table
 .text.upg_get_pkg_image_header
                0x0000000000a2df6a       0x2e utils/update/common/libupdate_common.a(upg_common.c.obj)
                0x0000000000a2df6a                upg_get_pkg_image_header
 .text.upg_get_pkg_image_data
                0x0000000000a2df98       0x66 utils/update/common/libupdate_common.a(upg_common.c.obj)
                0x0000000000a2df98                upg_get_pkg_image_data
 .text.upg_copy_pkg_image_data
                0x0000000000a2dffe       0x44 utils/update/common/libupdate_common.a(upg_common.c.obj)
                0x0000000000a2dffe                upg_copy_pkg_image_data
 .text.upg_set_firmware_update_status
                0x0000000000a2e042       0xf2 utils/update/common/libupdate_common.a(upg_common.c.obj)
                0x0000000000a2e042                upg_set_firmware_update_status
 .text.upg_get_image_update_status
                0x0000000000a2e134       0x7a utils/update/common/libupdate_common.a(upg_common.c.obj)
                0x0000000000a2e134                upg_get_image_update_status
 .text.upg_flash_erase_metadata_pages
                0x0000000000a2e1ae        0x4 utils/update/common/libupdate_common.a(upg_common.c.obj)
                0x0000000000a2e1ae                upg_flash_erase_metadata_pages
 .text.upg_set_temporary_result
                0x0000000000a2e1b2        0xa utils/update/common/libupdate_common.a(upg_common.c.obj)
                0x0000000000a2e1b2                upg_set_temporary_result
 .text.upg_set_update_result
                0x0000000000a2e1bc       0x20 utils/update/common/libupdate_common.a(upg_common.c.obj)
                0x0000000000a2e1bc                upg_set_update_result
 .text.upg_check_image_update_complete
                0x0000000000a2e1dc       0x40 utils/update/common/libupdate_common.a(upg_common.c.obj)
                0x0000000000a2e1dc                upg_check_image_update_complete
 .text.upg_set_complete_flag
                0x0000000000a2e21c       0xb8 utils/update/common/libupdate_common.a(upg_common.c.obj)
                0x0000000000a2e21c                upg_set_complete_flag
 .text.upg_get_func_list
                0x0000000000a2e2d4        0xa utils/update/common/libupdate_common.a(upg_common.c.obj)
                0x0000000000a2e2d4                upg_get_func_list
 .text.upg_is_inited
                0x0000000000a2e2de        0xa utils/update/common/libupdate_common.a(upg_common.c.obj)
                0x0000000000a2e2de                upg_is_inited
 .text.uapi_upg_init
                0x0000000000a2e2e8       0x9c utils/update/common/libupdate_common.a(upg_common.c.obj)
                0x0000000000a2e2e8                uapi_upg_init
 .text.hash_operation.isra.1.constprop.11
                0x0000000000a2e384       0x20 utils/update/common/libupdate_common.a(upg_verify.c.obj)
 .text.verify_hash_cmp
                0x0000000000a2e3a4       0x1a utils/update/common/libupdate_common.a(upg_verify.c.obj)
                0x0000000000a2e3a4                verify_hash_cmp
 .text.upg_verify_hash
                0x0000000000a2e3be       0x54 utils/update/common/libupdate_common.a(upg_verify.c.obj)
 .text.secure_authenticate
                0x0000000000a2e412       0x8c utils/update/common/libupdate_common.a(upg_verify.c.obj)
                0x0000000000a2e412                secure_authenticate
 .text.verify_fota_info.isra.4
                0x0000000000a2e49e       0x4e utils/update/common/libupdate_common.a(upg_verify.c.obj)
 .text.uapi_upg_verify_file_head
                0x0000000000a2e4ec       0xda utils/update/common/libupdate_common.a(upg_verify.c.obj)
                0x0000000000a2e4ec                uapi_upg_verify_file_head
 .text.uapi_upg_verify_file_image
                0x0000000000a2e5c6       0x8c utils/update/common/libupdate_common.a(upg_verify.c.obj)
                0x0000000000a2e5c6                uapi_upg_verify_file_image
 .text.uapi_upg_verify_file
                0x0000000000a2e652       0xd2 utils/update/common/libupdate_common.a(upg_verify.c.obj)
                0x0000000000a2e652                uapi_upg_verify_file
 .text.uapi_upg_reset_upgrade_flag
                0x0000000000a2e724       0x76 utils/update/storage/libupdate_storage.a(upg_storage.c.obj)
                0x0000000000a2e724                uapi_upg_reset_upgrade_flag
 .text.uapi_upg_request_upgrade
                0x0000000000a2e79a      0x102 utils/update/storage/libupdate_storage.a(upg_storage.c.obj)
                0x0000000000a2e79a                uapi_upg_request_upgrade
 .text.upg_encry_and_write_pkt
                0x0000000000a2e89c       0xa0 utils/update/local_update/libupdate_local.a(upg_encry.c.obj)
                0x0000000000a2e89c                upg_encry_and_write_pkt
 .text.upg_lzma_alloc
                0x0000000000a2e93c       0x1e utils/update/local_update/libupdate_local.a(upg_lzmadec.c.obj)
 .text.upg_lzma_free
                0x0000000000a2e95a        0xa utils/update/local_update/libupdate_local.a(upg_lzmadec.c.obj)
 .text.upg_lzma_init_buf
                0x0000000000a2e964       0x3c utils/update/local_update/libupdate_local.a(upg_lzmadec.c.obj)
                0x0000000000a2e964                upg_lzma_init_buf
 .text.upg_lzma_init
                0x0000000000a2e9a0       0xa2 utils/update/local_update/libupdate_local.a(upg_lzmadec.c.obj)
                0x0000000000a2e9a0                upg_lzma_init
 .text.upg_lzma_deinit
                0x0000000000a2ea42       0x44 utils/update/local_update/libupdate_local.a(upg_lzmadec.c.obj)
                0x0000000000a2ea42                upg_lzma_deinit
 .text.upg_lzma_write_image
                0x0000000000a2ea86       0x48 utils/update/local_update/libupdate_local.a(upg_lzmadec.c.obj)
                0x0000000000a2ea86                upg_lzma_write_image
 .text.upg_lzma_decode_to_midbuf
                0x0000000000a2eace       0xbc utils/update/local_update/libupdate_local.a(upg_lzmadec.c.obj)
                0x0000000000a2eace                upg_lzma_decode_to_midbuf
 .text.upg_lzma_decode
                0x0000000000a2eb8a       0x7c utils/update/local_update/libupdate_local.a(upg_lzmadec.c.obj)
                0x0000000000a2eb8a                upg_lzma_decode
 .text.upg_check_first_entry
                0x0000000000a2ec06       0x3e utils/update/local_update/libupdate_local.a(upg_process.c.obj)
                0x0000000000a2ec06                upg_check_first_entry
 .text.uapi_upg_start
                0x0000000000a2ec44      0x3f6 utils/update/local_update/libupdate_local.a(upg_process.c.obj)
                0x0000000000a2ec44                uapi_upg_start
 .text.uapi_upg_register_progress_callback
                0x0000000000a2f03a        0xe utils/update/local_update/libupdate_local.a(upg_process.c.obj)
                0x0000000000a2f03a                uapi_upg_register_progress_callback
 .text.upg_calculate_and_notify_process
                0x0000000000a2f048       0x42 utils/update/local_update/libupdate_local.a(upg_process.c.obj)
                0x0000000000a2f048                upg_calculate_and_notify_process
 .text.upg_write_new_image_data
                0x0000000000a2f08a       0x52 utils/update/local_update/libupdate_local.a(upg_process.c.obj)
                0x0000000000a2f08a                upg_write_new_image_data
 .text.uapi_upg_lzma_ota_image
                0x0000000000a2f0dc       0x88 utils/update/local_update/libupdate_local.a(upg_upgrade.c.obj)
                0x0000000000a2f0dc                uapi_upg_lzma_ota_image
 .text.uapi_upg_compress_image_update
                0x0000000000a2f164       0x6a utils/update/local_update/libupdate_local.a(upg_upgrade.c.obj)
                0x0000000000a2f164                uapi_upg_compress_image_update
 .text.uapi_upg_diff_image_update
                0x0000000000a2f1ce        0x8 utils/update/local_update/libupdate_local.a(upg_upgrade.c.obj)
                0x0000000000a2f1ce                uapi_upg_diff_image_update
 .text.uapi_upg_full_image_update
                0x0000000000a2f1d6       0x9e utils/update/local_update/libupdate_local.a(upg_upgrade.c.obj)
                0x0000000000a2f1d6                uapi_upg_full_image_update
 .text.LzmaDec_TryDummy
                0x0000000000a2f274      0x458 open_source/7-zip-lzma-sdk/liblzma_22.00.a(LzmaDec.c.obj)
 .text.LzmaDec_DecodeReal2
                0x0000000000a2f6cc      0xec0 open_source/7-zip-lzma-sdk/liblzma_22.00.a(LzmaDec.c.obj)
 .text.LzmaDec_Init
                0x0000000000a3058c       0x18 open_source/7-zip-lzma-sdk/liblzma_22.00.a(LzmaDec.c.obj)
                0x0000000000a3058c                LzmaDec_Init
 .text.LzmaDec_DecodeToDic
                0x0000000000a305a4      0x32e open_source/7-zip-lzma-sdk/liblzma_22.00.a(LzmaDec.c.obj)
                0x0000000000a305a4                LzmaDec_DecodeToDic
 .text.LzmaDec_DecodeToBuf
                0x0000000000a308d2       0x94 open_source/7-zip-lzma-sdk/liblzma_22.00.a(LzmaDec.c.obj)
                0x0000000000a308d2                LzmaDec_DecodeToBuf
 .text.LzmaDec_FreeProbs
                0x0000000000a30966       0x12 open_source/7-zip-lzma-sdk/liblzma_22.00.a(LzmaDec.c.obj)
                0x0000000000a30966                LzmaDec_FreeProbs
 .text.LzmaDec_AllocateProbs2.isra.2
                0x0000000000a30978       0x4c open_source/7-zip-lzma-sdk/liblzma_22.00.a(LzmaDec.c.obj)
 .text.LzmaProps_Decode
                0x0000000000a309c4       0x4e open_source/7-zip-lzma-sdk/liblzma_22.00.a(LzmaDec.c.obj)
                0x0000000000a309c4                LzmaProps_Decode
 .text.LzmaDec_AllocateProbs
                0x0000000000a30a12       0x2a open_source/7-zip-lzma-sdk/liblzma_22.00.a(LzmaDec.c.obj)
                0x0000000000a30a12                LzmaDec_AllocateProbs
 .text.SecMemcpyError
                0x0000000000a30a3c       0x5e open_source/libboundscheck/liblibboundscheck.a(memcpy_s.c.obj)
 .text.memcpy_s
                0x0000000000a30a9a       0x38 open_source/libboundscheck/liblibboundscheck.a(memcpy_s.c.obj)
                0x0000000000a30a9a                memcpy_s
 .text.memmove_s
                0x0000000000a30ad2       0x44 open_source/libboundscheck/liblibboundscheck.a(memmove_s.c.obj)
                0x0000000000a30ad2                memmove_s
 .text.memset_s
                0x0000000000a30b16       0x42 open_source/libboundscheck/liblibboundscheck.a(memset_s.c.obj)
                0x0000000000a30b16                memset_s
 .text.SecWriteMultiChar
                0x0000000000a30b58       0x2c open_source/libboundscheck/liblibboundscheck.a(secureprintoutput_a.c.obj)
 .text.SecOutput
                0x0000000000a30b84      0x892 open_source/libboundscheck/liblibboundscheck.a(secureprintoutput_a.c.obj)
 .text.SecVsnprintfImpl
                0x0000000000a31416       0x42 open_source/libboundscheck/liblibboundscheck.a(secureprintoutput_a.c.obj)
                0x0000000000a31416                SecVsnprintfImpl
 .text.vsnprintf_s
                0x0000000000a31458       0x50 open_source/libboundscheck/liblibboundscheck.a(vsnprintf_s.c.obj)
                0x0000000000a31458                vsnprintf_s
 *(.rodata)
 *fill*         0x0000000000a314a8        0x0 
 .rodata        0x0000000000a314a8        0xc hal/sfc/libhal_sfc.a(hal_sfc_v150.c.obj)
 *fill*         0x0000000000a314b4        0xc 
 .rodata        0x0000000000a314c0      0x886 drivers/chips/ws63/libchip_ws63.a(vectors.s.obj)
                0x0000000000a31510                trap_entry
                0x0000000000a3160c                trap_vector
                0x0000000000a317ac                nmi_vector
                0x0000000000a31d28                global_interrupt_lock
                0x0000000000a31d34                global_interrupt_unlock
                0x0000000000a31d40                global_interrupt_restore
 *fill*         0x0000000000a31d46        0x2 
 .rodata        0x0000000000a31d48        0x3 utils/update/common/libupdate_common.a(upg_common.c.obj)
 *fill*         0x0000000000a31d4b        0x1 
 .rodata        0x0000000000a31d4c        0x3 utils/update/local_update/libupdate_local.a(upg_process.c.obj)
 *fill*         0x0000000000a31d4f        0x1 
 .rodata        0x0000000000a31d50      0x100 /home/hb/bearpi/fbb_ws63/src/tools/bin/compiler/riscv/cc_riscv32_musl_105/cc_riscv32_musl/bin/../lib/gcc/riscv32-linux-musl/7.3.0/libgcc.a(_clz.o)
                0x0000000000a31d50                __clz_tab
 *(.rodata*)
 .rodata.sfc_cfg
                0x0000000000a31e50        0xc bootloader/flashboot_ws63/libflashboot_common.a(main.c.obj)
                0x0000000000a31e50                sfc_cfg
 .rodata.start_fastboot.str1.4
                0x0000000000a31e5c      0x35b bootloader/flashboot_ws63/libflashboot_common.a(main.c.obj)
 *fill*         0x0000000000a321b7        0x1 
 .rodata.check_die_id.constprop.3.str1.4
                0x0000000000a321b8       0x34 bootloader/flashboot_ws63/libflashboot_common.a(secure_verify_boot.c.obj)
 .rodata.check_image_id.str1.4
                0x0000000000a321ec       0x10 bootloader/flashboot_ws63/libflashboot_common.a(secure_verify_boot.c.obj)
 .rodata.check_msid.str1.4
                0x0000000000a321fc       0x33 bootloader/flashboot_ws63/libflashboot_common.a(secure_verify_boot.c.obj)
 *fill*         0x0000000000a3222f        0x1 
 .rodata.check_verify_enable.str1.4
                0x0000000000a32230       0x24 bootloader/flashboot_ws63/libflashboot_common.a(secure_verify_boot.c.obj)
 .rodata.check_version.str1.4
                0x0000000000a32254       0x16 bootloader/flashboot_ws63/libflashboot_common.a(secure_verify_boot.c.obj)
 *fill*         0x0000000000a3226a        0x2 
 .rodata.g_verify_table
                0x0000000000a3226c       0xa8 bootloader/flashboot_ws63/libflashboot_common.a(secure_verify_boot.c.obj)
 .rodata.secure_authenticate.constprop.2.str1.4
                0x0000000000a32314       0x6b bootloader/flashboot_ws63/libflashboot_common.a(secure_verify_boot.c.obj)
 *fill*         0x0000000000a3237f        0x1 
 .rodata.verify_image_body.str1.4
                0x0000000000a32380       0x79 bootloader/flashboot_ws63/libflashboot_common.a(secure_verify_boot.c.obj)
 *fill*         0x0000000000a323f9        0x3 
 .rodata.verify_image_head.str1.4
                0x0000000000a323fc      0x28d bootloader/flashboot_ws63/libflashboot_common.a(secure_verify_boot.c.obj)
 *fill*         0x0000000000a32689        0x3 
 .rodata.g_sha256_ival
                0x0000000000a3268c       0x20 driver/security_unified/libdrv_security_unified.a(hash_romable.c.obj)
 .rodata.g_sm3_ival
                0x0000000000a326ac       0x20 driver/security_unified/libdrv_security_unified.a(hash_romable.c.obj)
 .rodata.uart_evt_callback
                0x0000000000a326cc       0x14 driver/uart/libuart.a(uart.c.obj)
 .rodata.hal_uart_enable_interrupt
                0x0000000000a326e0       0x38 hal/uart/libhal_uart.a(hal_uart_v151.c.obj)
 .rodata.CSWTCH.8
                0x0000000000a32718        0x3 hal/uart/libhal_uart.a(hal_uart_v151.c.obj)
 *fill*         0x0000000000a3271b        0x1 
 .rodata.g_hal_uart_ctrl_func_array
                0x0000000000a3271c       0x54 hal/uart/libhal_uart.a(hal_uart_v151.c.obj)
 .rodata.g_uart_base_addrs
                0x0000000000a32770        0xc drivers/chips/ws63/porting/uart/libuart_port.a(uart_porting.c.obj)
                0x0000000000a32770                g_uart_base_addrs
 .rodata.g_default_erase_cmds
                0x0000000000a3277c        0xc drivers/chips/ws63/porting/sfc/flash_config/libsfc_flash_config_ws63.a(flash_config_info.c.obj)
 .rodata.g_default_quad_enable
                0x0000000000a32788        0x6 drivers/chips/ws63/porting/sfc/flash_config/libsfc_flash_config_ws63.a(flash_config_info.c.obj)
 *fill*         0x0000000000a3278e        0x2 
 .rodata.g_default_read_cmds
                0x0000000000a32790        0x4 drivers/chips/ws63/porting/sfc/flash_config/libsfc_flash_config_ws63.a(flash_config_info.c.obj)
 .rodata.g_default_write_cmds
                0x0000000000a32794        0x8 drivers/chips/ws63/porting/sfc/flash_config/libsfc_flash_config_ws63.a(flash_config_info.c.obj)
 .rodata.g_flash_common_erase_cmds
                0x0000000000a3279c       0x10 drivers/chips/ws63/porting/sfc/flash_config/libsfc_flash_config_ws63.a(flash_config_info.c.obj)
 .rodata.g_flash_common_read_cmds
                0x0000000000a327ac       0x18 drivers/chips/ws63/porting/sfc/flash_config/libsfc_flash_config_ws63.a(flash_config_info.c.obj)
 .rodata.g_flash_common_write_cmds
                0x0000000000a327c4       0x18 drivers/chips/ws63/porting/sfc/flash_config/libsfc_flash_config_ws63.a(flash_config_info.c.obj)
 .rodata.g_flash_gd_bus_enable
                0x0000000000a327dc       0x12 drivers/chips/ws63/porting/sfc/flash_config/libsfc_flash_config_ws63.a(flash_config_info.c.obj)
 *fill*         0x0000000000a327ee        0x2 
 .rodata.g_flash_spi_info_list
                0x0000000000a327f0       0x1c drivers/chips/ws63/porting/sfc/flash_config/libsfc_flash_config_ws63.a(flash_config_info.c.obj)
 .rodata.g_flash_spi_unknown_info
                0x0000000000a3280c       0x1c drivers/chips/ws63/porting/sfc/flash_config/libsfc_flash_config_ws63.a(flash_config_info.c.obj)
 .rodata.sfc_port_fix_sr_gd25q32.str1.4
                0x0000000000a32828       0x25 drivers/chips/ws63/porting/sfc/porting/libsfc_port_ws63.a(sfc_protect_gd25q32.c.obj)
 *fill*         0x0000000000a3284d        0x3 
 .rodata.sfc_port_gd25q32_read_sr.str1.4
                0x0000000000a32850       0x28 drivers/chips/ws63/porting/sfc/porting/libsfc_port_ws63.a(sfc_protect_gd25q32.c.obj)
 .rodata.g_efuse_cfg
                0x0000000000a32878       0x72 drivers/chips/ws63/porting/efuse/libefuse_port.a(efuse_porting.c.obj)
 .rodata.boot_msg0.str1.4
                0x0000000000a328ea       0x28 drivers/chips/ws63/boot/boot_porting/libchip_boot_port.a(serial.c.obj)
                                          0x3 (size before relaxing)
 *fill*         0x0000000000a328ea        0x2 
 .rodata.boot_puthex.str1.4
                0x0000000000a328ec        0x2 drivers/chips/ws63/boot/boot_porting/libchip_boot_port.a(serial.c.obj)
 *fill*         0x0000000000a328ee        0x2 